***************************************************************
     ______________________   __  ______  
    / __/ __/_  __/ ___/ _ | /  |/  / _ ) 
   / _// _/  / / / /__/ __ |/ /|_/ / _  | 
  /___/_/   /_/  \___/_/ |_/_/  /_/____/   V3.1 Jan26
  
***************************************************************

 EFTCAMB settings:
  EFTCAMB_feedback_level      =           1
  EFTCAMB_back_turn_on        =   1.0000000000000000E-008
  EFTCAMB_pert_turn_on        =   1.0000000000000000E-004
  EFTCAMB_GR_threshold        =   1.0000000000000000E-008
  EFTCAMB_stability_time      =   1.0000000000000000E-004
  EFTCAMB_stability_threshold =   0.0000000000000000     
  EFTCAMB_effective_w0wa      = F

 EFTCAMB stability flags:
  Math ghost stability   =  T
  Math mass stability    =  F
  Ghost stability        =  T
  Gradient stability     =  T
  Mass stability         =  F
  Mass stability rate    =  0.10000E+02
  Additional priors      =  T
  Positivity bounds      =  F
  Minkowski limit      =  F

 EFTCAMB model flags:
   EFTflag             =  2
   AltParEFTmodel      =  1

   Model               =  RPH
   Number of params    =***

   RPHwDE             =  9
   RPHkineticitymodel =  9
   RPHbraidingmodel   =  9

spline parametrization: RPHw
 number of pixels (RPHw_Spline_Pixels): 401
 null value:    -1.000000
   RPHwx1              =    0.000000
   RPHwx2              =    0.000000
   RPHwx3              =    0.000000
   RPHwx4              =    0.000001
   RPHwx5              =    0.000001
   RPHwx6              =    0.000002
   RPHwx7              =    0.000004
   RPHwx8              =    0.000006
   RPHwx9              =    0.000009
   RPHwx10             =    0.000012
   RPHwx11             =    0.000017
   RPHwx12             =    0.000022
   RPHwx13             =    0.000029
   RPHwx14             =    0.000036
   RPHwx15             =    0.000045
   RPHwx16             =    0.000055
   RPHwx17             =    0.000067
   RPHwx18             =    0.000080
   RPHwx19             =    0.000095
   RPHwx20             =    0.000111
   RPHwx21             =    0.000130
   RPHwx22             =    0.000150
   RPHwx23             =    0.000172
   RPHwx24             =    0.000196
   RPHwx25             =    0.000223
   RPHwx26             =    0.000252
   RPHwx27             =    0.000283
   RPHwx28             =    0.000317
   RPHwx29             =    0.000353
   RPHwx30             =    0.000392
   RPHwx31             =    0.000433
   RPHwx32             =    0.000478
   RPHwx33             =    0.000525
   RPHwx34             =    0.000576
   RPHwx35             =    0.000630
   RPHwx36             =    0.000686
   RPHwx37             =    0.000747
   RPHwx38             =    0.000810
   RPHwx39             =    0.000877
   RPHwx40             =    0.000948
   RPHwx41             =    0.001023
   RPHwx42             =    0.001101
   RPHwx43             =    0.001183
   RPHwx44             =    0.001269
   RPHwx45             =    0.001359
   RPHwx46             =    0.001454
   RPHwx47             =    0.001553
   RPHwx48             =    0.001656
   RPHwx49             =    0.001763
   RPHwx50             =    0.001875
   RPHwx51             =    0.001992
   RPHwx52             =    0.002113
   RPHwx53             =    0.002240
   RPHwx54             =    0.002371
   RPHwx55             =    0.002507
   RPHwx56             =    0.002649
   RPHwx57             =    0.002795
   RPHwx58             =    0.002947
   RPHwx59             =    0.003104
   RPHwx60             =    0.003267
   RPHwx61             =    0.003436
   RPHwx62             =    0.003610
   RPHwx63             =    0.003790
   RPHwx64             =    0.003975
   RPHwx65             =    0.004167
   RPHwx66             =    0.004365
   RPHwx67             =    0.004569
   RPHwx68             =    0.004779
   RPHwx69             =    0.004996
   RPHwx70             =    0.005219
   RPHwx71             =    0.005448
   RPHwx72             =    0.005685
   RPHwx73             =    0.005928
   RPHwx74             =    0.006177
   RPHwx75             =    0.006434
   RPHwx76             =    0.006698
   RPHwx77             =    0.006969
   RPHwx78             =    0.007247
   RPHwx79             =    0.007532
   RPHwx80             =    0.007825
   RPHwx81             =    0.008125
   RPHwx82             =    0.008433
   RPHwx83             =    0.008748
   RPHwx84             =    0.009071
   RPHwx85             =    0.009403
   RPHwx86             =    0.009742
   RPHwx87             =    0.010089
   RPHwx88             =    0.010444
   RPHwx89             =    0.010807
   RPHwx90             =    0.011179
   RPHwx91             =    0.011560
   RPHwx92             =    0.011948
   RPHwx93             =    0.012346
   RPHwx94             =    0.012752
   RPHwx95             =    0.013167
   RPHwx96             =    0.013591
   RPHwx97             =    0.014024
   RPHwx98             =    0.014466
   RPHwx99             =    0.014917
   RPHwx100            =    0.015377
   RPHwx101            =    0.015847
   RPHwx102            =    0.016326
   RPHwx103            =    0.016815
   RPHwx104            =    0.017314
   RPHwx105            =    0.017822
   RPHwx106            =    0.018340
   RPHwx107            =    0.018868
   RPHwx108            =    0.019406
   RPHwx109            =    0.019955
   RPHwx110            =    0.020513
   RPHwx111            =    0.021082
   RPHwx112            =    0.021661
   RPHwx113            =    0.022251
   RPHwx114            =    0.022851
   RPHwx115            =    0.023462
   RPHwx116            =    0.024084
   RPHwx117            =    0.024717
   RPHwx118            =    0.025360
   RPHwx119            =    0.026015
   RPHwx120            =    0.026681
   RPHwx121            =    0.027358
   RPHwx122            =    0.028047
   RPHwx123            =    0.028747
   RPHwx124            =    0.029459
   RPHwx125            =    0.030182
   RPHwx126            =    0.030917
   RPHwx127            =    0.031664
   RPHwx128            =    0.032423
   RPHwx129            =    0.033193
   RPHwx130            =    0.033976
   RPHwx131            =    0.034771
   RPHwx132            =    0.035579
   RPHwx133            =    0.036399
   RPHwx134            =    0.037231
   RPHwx135            =    0.038076
   RPHwx136            =    0.038934
   RPHwx137            =    0.039804
   RPHwx138            =    0.040687
   RPHwx139            =    0.041584
   RPHwx140            =    0.042493
   RPHwx141            =    0.043415
   RPHwx142            =    0.044351
   RPHwx143            =    0.045300
   RPHwx144            =    0.046263
   RPHwx145            =    0.047239
   RPHwx146            =    0.048229
   RPHwx147            =    0.049232
   RPHwx148            =    0.050249
   RPHwx149            =    0.051281
   RPHwx150            =    0.052326
   RPHwx151            =    0.053385
   RPHwx152            =    0.054459
   RPHwx153            =    0.055546
   RPHwx154            =    0.056648
   RPHwx155            =    0.057765
   RPHwx156            =    0.058896
   RPHwx157            =    0.060042
   RPHwx158            =    0.061203
   RPHwx159            =    0.062379
   RPHwx160            =    0.063569
   RPHwx161            =    0.064775
   RPHwx162            =    0.065995
   RPHwx163            =    0.067231
   RPHwx164            =    0.068483
   RPHwx165            =    0.069749
   RPHwx166            =    0.071032
   RPHwx167            =    0.072329
   RPHwx168            =    0.073643
   RPHwx169            =    0.074972
   RPHwx170            =    0.076318
   RPHwx171            =    0.077679
   RPHwx172            =    0.079056
   RPHwx173            =    0.080450
   RPHwx174            =    0.081860
   RPHwx175            =    0.083286
   RPHwx176            =    0.084729
   RPHwx177            =    0.086188
   RPHwx178            =    0.087664
   RPHwx179            =    0.089156
   RPHwx180            =    0.090666
   RPHwx181            =    0.092192
   RPHwx182            =    0.093736
   RPHwx183            =    0.095297
   RPHwx184            =    0.096874
   RPHwx185            =    0.098470
   RPHwx186            =    0.100082
   RPHwx187            =    0.101712
   RPHwx188            =    0.103360
   RPHwx189            =    0.105025
   RPHwx190            =    0.106709
   RPHwx191            =    0.108410
   RPHwx192            =    0.110129
   RPHwx193            =    0.111866
   RPHwx194            =    0.113621
   RPHwx195            =    0.115395
   RPHwx196            =    0.117187
   RPHwx197            =    0.118997
   RPHwx198            =    0.120826
   RPHwx199            =    0.122674
   RPHwx200            =    0.124540
   RPHwx201            =    0.126425
   RPHwx202            =    0.128329
   RPHwx203            =    0.130253
   RPHwx204            =    0.132195
   RPHwx205            =    0.134156
   RPHwx206            =    0.136137
   RPHwx207            =    0.138137
   RPHwx208            =    0.140157
   RPHwx209            =    0.142196
   RPHwx210            =    0.144255
   RPHwx211            =    0.146334
   RPHwx212            =    0.148432
   RPHwx213            =    0.150551
   RPHwx214            =    0.152690
   RPHwx215            =    0.154848
   RPHwx216            =    0.157027
   RPHwx217            =    0.159227
   RPHwx218            =    0.161447
   RPHwx219            =    0.163687
   RPHwx220            =    0.165948
   RPHwx221            =    0.168230
   RPHwx222            =    0.170532
   RPHwx223            =    0.172856
   RPHwx224            =    0.175200
   RPHwx225            =    0.177566
   RPHwx226            =    0.179952
   RPHwx227            =    0.182360
   RPHwx228            =    0.184790
   RPHwx229            =    0.187241
   RPHwx230            =    0.189713
   RPHwx231            =    0.192208
   RPHwx232            =    0.194723
   RPHwx233            =    0.197261
   RPHwx234            =    0.199821
   RPHwx235            =    0.202403
   RPHwx236            =    0.205007
   RPHwx237            =    0.207633
   RPHwx238            =    0.210281
   RPHwx239            =    0.212952
   RPHwx240            =    0.215646
   RPHwx241            =    0.218362
   RPHwx242            =    0.221101
   RPHwx243            =    0.223862
   RPHwx244            =    0.226647
   RPHwx245            =    0.229454
   RPHwx246            =    0.232285
   RPHwx247            =    0.235139
   RPHwx248            =    0.238016
   RPHwx249            =    0.240916
   RPHwx250            =    0.243840
   RPHwx251            =    0.246787
   RPHwx252            =    0.249759
   RPHwx253            =    0.252753
   RPHwx254            =    0.255772
   RPHwx255            =    0.258815
   RPHwx256            =    0.261881
   RPHwx257            =    0.264972
   RPHwx258            =    0.268087
   RPHwx259            =    0.271227
   RPHwx260            =    0.274390
   RPHwx261            =    0.277579
   RPHwx262            =    0.280791
   RPHwx263            =    0.284029
   RPHwx264            =    0.287291
   RPHwx265            =    0.290579
   RPHwx266            =    0.293891
   RPHwx267            =    0.297228
   RPHwx268            =    0.300591
   RPHwx269            =    0.303978
   RPHwx270            =    0.307391
   RPHwx271            =    0.310830
   RPHwx272            =    0.314294
   RPHwx273            =    0.317784
   RPHwx274            =    0.321299
   RPHwx275            =    0.324841
   RPHwx276            =    0.328408
   RPHwx277            =    0.332001
   RPHwx278            =    0.335620
   RPHwx279            =    0.339266
   RPHwx280            =    0.342938
   RPHwx281            =    0.346636
   RPHwx282            =    0.350361
   RPHwx283            =    0.354112
   RPHwx284            =    0.357890
   RPHwx285            =    0.361695
   RPHwx286            =    0.365527
   RPHwx287            =    0.369385
   RPHwx288            =    0.373271
   RPHwx289            =    0.377184
   RPHwx290            =    0.381124
   RPHwx291            =    0.385092
   RPHwx292            =    0.389086
   RPHwx293            =    0.393109
   RPHwx294            =    0.397159
   RPHwx295            =    0.401237
   RPHwx296            =    0.405342
   RPHwx297            =    0.409476
   RPHwx298            =    0.413637
   RPHwx299            =    0.417827
   RPHwx300            =    0.422045
   RPHwx301            =    0.426291
   RPHwx302            =    0.430565
   RPHwx303            =    0.434868
   RPHwx304            =    0.439200
   RPHwx305            =    0.443560
   RPHwx306            =    0.447949
   RPHwx307            =    0.452367
   RPHwx308            =    0.456814
   RPHwx309            =    0.461290
   RPHwx310            =    0.465794
   RPHwx311            =    0.470329
   RPHwx312            =    0.474892
   RPHwx313            =    0.479485
   RPHwx314            =    0.484108
   RPHwx315            =    0.488760
   RPHwx316            =    0.493442
   RPHwx317            =    0.498153
   RPHwx318            =    0.502895
   RPHwx319            =    0.507666
   RPHwx320            =    0.512468
   RPHwx321            =    0.517299
   RPHwx322            =    0.522161
   RPHwx323            =    0.527054
   RPHwx324            =    0.531977
   RPHwx325            =    0.536930
   RPHwx326            =    0.541914
   RPHwx327            =    0.546929
   RPHwx328            =    0.551975
   RPHwx329            =    0.557051
   RPHwx330            =    0.562159
   RPHwx331            =    0.567298
   RPHwx332            =    0.572468
   RPHwx333            =    0.577669
   RPHwx334            =    0.582902
   RPHwx335            =    0.588166
   RPHwx336            =    0.593462
   RPHwx337            =    0.598789
   RPHwx338            =    0.604149
   RPHwx339            =    0.609540
   RPHwx340            =    0.614963
   RPHwx341            =    0.620418
   RPHwx342            =    0.625906
   RPHwx343            =    0.631425
   RPHwx344            =    0.636977
   RPHwx345            =    0.642562
   RPHwx346            =    0.648179
   RPHwx347            =    0.653828
   RPHwx348            =    0.659511
   RPHwx349            =    0.665226
   RPHwx350            =    0.670974
   RPHwx351            =    0.676755
   RPHwx352            =    0.682570
   RPHwx353            =    0.688417
   RPHwx354            =    0.694298
   RPHwx355            =    0.700212
   RPHwx356            =    0.706160
   RPHwx357            =    0.712141
   RPHwx358            =    0.718156
   RPHwx359            =    0.724204
   RPHwx360            =    0.730287
   RPHwx361            =    0.736404
   RPHwx362            =    0.742554
   RPHwx363            =    0.748739
   RPHwx364            =    0.754958
   RPHwx365            =    0.761211
   RPHwx366            =    0.767499
   RPHwx367            =    0.773821
   RPHwx368            =    0.780178
   RPHwx369            =    0.786570
   RPHwx370            =    0.792996
   RPHwx371            =    0.799458
   RPHwx372            =    0.805954
   RPHwx373            =    0.812485
   RPHwx374            =    0.819052
   RPHwx375            =    0.825654
   RPHwx376            =    0.832291
   RPHwx377            =    0.838964
   RPHwx378            =    0.845673
   RPHwx379            =    0.852417
   RPHwx380            =    0.859196
   RPHwx381            =    0.866012
   RPHwx382            =    0.872864
   RPHwx383            =    0.879751
   RPHwx384            =    0.886675
   RPHwx385            =    0.893635
   RPHwx386            =    0.900631
   RPHwx387            =    0.907664
   RPHwx388            =    0.914733
   RPHwx389            =    0.921839
   RPHwx390            =    0.928982
   RPHwx391            =    0.936161
   RPHwx392            =    0.943378
   RPHwx393            =    0.950631
   RPHwx394            =    0.957921
   RPHwx395            =    0.965249
   RPHwx396            =    0.972614
   RPHwx397            =    0.980016
   RPHwx398            =    0.987455
   RPHwx399            =    0.994933
   RPHwx400            =    1.002447
   RPHwx401            =    1.010000
   RPHwv1              =   -1.000000
   RPHwv2              =   -1.000000
   RPHwv3              =   -1.000001
   RPHwv4              =   -1.000002
   RPHwv5              =   -1.000004
   RPHwv6              =   -1.000007
   RPHwv7              =   -1.000011
   RPHwv8              =   -1.000017
   RPHwv9              =   -1.000024
   RPHwv10             =   -1.000032
   RPHwv11             =   -1.000043
   RPHwv12             =   -1.000054
   RPHwv13             =   -1.000068
   RPHwv14             =   -1.000083
   RPHwv15             =   -1.000101
   RPHwv16             =   -1.000120
   RPHwv17             =   -1.000141
   RPHwv18             =   -1.000165
   RPHwv19             =   -1.000191
   RPHwv20             =   -1.000219
   RPHwv21             =   -1.000249
   RPHwv22             =   -1.000281
   RPHwv23             =   -1.000316
   RPHwv24             =   -1.000354
   RPHwv25             =   -1.000394
   RPHwv26             =   -1.000436
   RPHwv27             =   -1.000481
   RPHwv28             =   -1.000529
   RPHwv29             =   -1.000579
   RPHwv30             =   -1.000632
   RPHwv31             =   -1.000688
   RPHwv32             =   -1.000747
   RPHwv33             =   -1.000808
   RPHwv34             =   -1.000872
   RPHwv35             =   -1.000939
   RPHwv36             =   -1.001008
   RPHwv37             =   -1.001080
   RPHwv38             =   -1.001156
   RPHwv39             =   -1.001234
   RPHwv40             =   -1.001314
   RPHwv41             =   -1.001398
   RPHwv42             =   -1.001485
   RPHwv43             =   -1.001574
   RPHwv44             =   -1.001666
   RPHwv45             =   -1.001761
   RPHwv46             =   -1.001859
   RPHwv47             =   -1.001959
   RPHwv48             =   -1.002063
   RPHwv49             =   -1.002169
   RPHwv50             =   -1.002278
   RPHwv51             =   -1.002389
   RPHwv52             =   -1.002504
   RPHwv53             =   -1.002621
   RPHwv54             =   -1.002741
   RPHwv55             =   -1.002863
   RPHwv56             =   -1.002988
   RPHwv57             =   -1.003116
   RPHwv58             =   -1.003247
   RPHwv59             =   -1.003380
   RPHwv60             =   -1.003515
   RPHwv61             =   -1.003654
   RPHwv62             =   -1.003794
   RPHwv63             =   -1.003938
   RPHwv64             =   -1.004083
   RPHwv65             =   -1.004231
   RPHwv66             =   -1.004382
   RPHwv67             =   -1.004534
   RPHwv68             =   -1.004690
   RPHwv69             =   -1.004847
   RPHwv70             =   -1.005007
   RPHwv71             =   -1.005168
   RPHwv72             =   -1.005332
   RPHwv73             =   -1.005499
   RPHwv74             =   -1.005667
   RPHwv75             =   -1.005837
   RPHwv76             =   -1.006009
   RPHwv77             =   -1.006184
   RPHwv78             =   -1.006360
   RPHwv79             =   -1.006538
   RPHwv80             =   -1.006718
   RPHwv81             =   -1.006899
   RPHwv82             =   -1.007083
   RPHwv83             =   -1.007268
   RPHwv84             =   -1.007454
   RPHwv85             =   -1.007643
   RPHwv86             =   -1.007832
   RPHwv87             =   -1.008024
   RPHwv88             =   -1.008216
   RPHwv89             =   -1.008410
   RPHwv90             =   -1.008605
   RPHwv91             =   -1.008802
   RPHwv92             =   -1.009000
   RPHwv93             =   -1.009199
   RPHwv94             =   -1.009398
   RPHwv95             =   -1.009599
   RPHwv96             =   -1.009801
   RPHwv97             =   -1.010004
   RPHwv98             =   -1.010208
   RPHwv99             =   -1.010412
   RPHwv100            =   -1.010617
   RPHwv101            =   -1.010823
   RPHwv102            =   -1.011029
   RPHwv103            =   -1.011236
   RPHwv104            =   -1.011444
   RPHwv105            =   -1.011651
   RPHwv106            =   -1.011859
   RPHwv107            =   -1.012067
   RPHwv108            =   -1.012276
   RPHwv109            =   -1.012484
   RPHwv110            =   -1.012693
   RPHwv111            =   -1.012902
   RPHwv112            =   -1.013110
   RPHwv113            =   -1.013318
   RPHwv114            =   -1.013526
   RPHwv115            =   -1.013734
   RPHwv116            =   -1.013941
   RPHwv117            =   -1.014148
   RPHwv118            =   -1.014355
   RPHwv119            =   -1.014560
   RPHwv120            =   -1.014765
   RPHwv121            =   -1.014970
   RPHwv122            =   -1.015173
   RPHwv123            =   -1.015376
   RPHwv124            =   -1.015577
   RPHwv125            =   -1.015777
   RPHwv126            =   -1.015977
   RPHwv127            =   -1.016175
   RPHwv128            =   -1.016371
   RPHwv129            =   -1.016567
   RPHwv130            =   -1.016761
   RPHwv131            =   -1.016953
   RPHwv132            =   -1.017143
   RPHwv133            =   -1.017332
   RPHwv134            =   -1.017519
   RPHwv135            =   -1.017705
   RPHwv136            =   -1.017888
   RPHwv137            =   -1.018069
   RPHwv138            =   -1.018248
   RPHwv139            =   -1.018425
   RPHwv140            =   -1.018599
   RPHwv141            =   -1.018771
   RPHwv142            =   -1.018941
   RPHwv143            =   -1.019108
   RPHwv144            =   -1.019272
   RPHwv145            =   -1.019434
   RPHwv146            =   -1.019592
   RPHwv147            =   -1.019748
   RPHwv148            =   -1.019901
   RPHwv149            =   -1.020051
   RPHwv150            =   -1.020197
   RPHwv151            =   -1.020340
   RPHwv152            =   -1.020480
   RPHwv153            =   -1.020616
   RPHwv154            =   -1.020749
   RPHwv155            =   -1.020878
   RPHwv156            =   -1.021004
   RPHwv157            =   -1.021125
   RPHwv158            =   -1.021243
   RPHwv159            =   -1.021356
   RPHwv160            =   -1.021466
   RPHwv161            =   -1.021571
   RPHwv162            =   -1.021672
   RPHwv163            =   -1.021769
   RPHwv164            =   -1.021861
   RPHwv165            =   -1.021949
   RPHwv166            =   -1.022031
   RPHwv167            =   -1.022110
   RPHwv168            =   -1.022183
   RPHwv169            =   -1.022251
   RPHwv170            =   -1.022314
   RPHwv171            =   -1.022373
   RPHwv172            =   -1.022425
   RPHwv173            =   -1.022473
   RPHwv174            =   -1.022515
   RPHwv175            =   -1.022552
   RPHwv176            =   -1.022583
   RPHwv177            =   -1.022608
   RPHwv178            =   -1.022628
   RPHwv179            =   -1.022642
   RPHwv180            =   -1.022649
   RPHwv181            =   -1.022651
   RPHwv182            =   -1.022647
   RPHwv183            =   -1.022636
   RPHwv184            =   -1.022619
   RPHwv185            =   -1.022596
   RPHwv186            =   -1.022566
   RPHwv187            =   -1.022529
   RPHwv188            =   -1.022486
   RPHwv189            =   -1.022436
   RPHwv190            =   -1.022379
   RPHwv191            =   -1.022315
   RPHwv192            =   -1.022244
   RPHwv193            =   -1.022166
   RPHwv194            =   -1.022081
   RPHwv195            =   -1.021989
   RPHwv196            =   -1.021889
   RPHwv197            =   -1.021781
   RPHwv198            =   -1.021667
   RPHwv199            =   -1.021544
   RPHwv200            =   -1.021414
   RPHwv201            =   -1.021276
   RPHwv202            =   -1.021130
   RPHwv203            =   -1.020977
   RPHwv204            =   -1.020815
   RPHwv205            =   -1.020645
   RPHwv206            =   -1.020467
   RPHwv207            =   -1.020281
   RPHwv208            =   -1.020087
   RPHwv209            =   -1.019884
   RPHwv210            =   -1.019673
   RPHwv211            =   -1.019453
   RPHwv212            =   -1.019225
   RPHwv213            =   -1.018989
   RPHwv214            =   -1.018743
   RPHwv215            =   -1.018489
   RPHwv216            =   -1.018227
   RPHwv217            =   -1.017955
   RPHwv218            =   -1.017675
   RPHwv219            =   -1.017386
   RPHwv220            =   -1.017088
   RPHwv221            =   -1.016780
   RPHwv222            =   -1.016464
   RPHwv223            =   -1.016139
   RPHwv224            =   -1.015805
   RPHwv225            =   -1.015462
   RPHwv226            =   -1.015109
   RPHwv227            =   -1.014748
   RPHwv228            =   -1.014377
   RPHwv229            =   -1.013997
   RPHwv230            =   -1.013608
   RPHwv231            =   -1.013209
   RPHwv232            =   -1.012802
   RPHwv233            =   -1.012385
   RPHwv234            =   -1.011959
   RPHwv235            =   -1.011524
   RPHwv236            =   -1.011080
   RPHwv237            =   -1.010626
   RPHwv238            =   -1.010164
   RPHwv239            =   -1.009692
   RPHwv240            =   -1.009211
   RPHwv241            =   -1.008721
   RPHwv242            =   -1.008222
   RPHwv243            =   -1.007714
   RPHwv244            =   -1.007197
   RPHwv245            =   -1.006672
   RPHwv246            =   -1.006137
   RPHwv247            =   -1.005593
   RPHwv248            =   -1.005041
   RPHwv249            =   -1.004480
   RPHwv250            =   -1.003911
   RPHwv251            =   -1.003333
   RPHwv252            =   -1.002746
   RPHwv253            =   -1.002151
   RPHwv254            =   -1.001548
   RPHwv255            =   -1.000937
   RPHwv256            =   -1.000318
   RPHwv257            =   -0.999691
   RPHwv258            =   -0.999055
   RPHwv259            =   -0.998413
   RPHwv260            =   -0.997762
   RPHwv261            =   -0.997104
   RPHwv262            =   -0.996439
   RPHwv263            =   -0.995767
   RPHwv264            =   -0.995087
   RPHwv265            =   -0.994401
   RPHwv266            =   -0.993707
   RPHwv267            =   -0.993008
   RPHwv268            =   -0.992301
   RPHwv269            =   -0.991589
   RPHwv270            =   -0.990870
   RPHwv271            =   -0.990146
   RPHwv272            =   -0.989415
   RPHwv273            =   -0.988679
   RPHwv274            =   -0.987938
   RPHwv275            =   -0.987192
   RPHwv276            =   -0.986440
   RPHwv277            =   -0.985684
   RPHwv278            =   -0.984924
   RPHwv279            =   -0.984159
   RPHwv280            =   -0.983389
   RPHwv281            =   -0.982616
   RPHwv282            =   -0.981839
   RPHwv283            =   -0.981059
   RPHwv284            =   -0.980275
   RPHwv285            =   -0.979489
   RPHwv286            =   -0.978699
   RPHwv287            =   -0.977908
   RPHwv288            =   -0.977113
   RPHwv289            =   -0.976317
   RPHwv290            =   -0.975519
   RPHwv291            =   -0.974719
   RPHwv292            =   -0.973918
   RPHwv293            =   -0.973115
   RPHwv294            =   -0.972312
   RPHwv295            =   -0.971509
   RPHwv296            =   -0.970704
   RPHwv297            =   -0.969900
   RPHwv298            =   -0.969096
   RPHwv299            =   -0.968292
   RPHwv300            =   -0.967489
   RPHwv301            =   -0.966686
   RPHwv302            =   -0.965885
   RPHwv303            =   -0.965085
   RPHwv304            =   -0.964286
   RPHwv305            =   -0.963490
   RPHwv306            =   -0.962695
   RPHwv307            =   -0.961902
   RPHwv308            =   -0.961112
   RPHwv309            =   -0.960325
   RPHwv310            =   -0.959540
   RPHwv311            =   -0.958759
   RPHwv312            =   -0.957981
   RPHwv313            =   -0.957206
   RPHwv314            =   -0.956436
   RPHwv315            =   -0.955669
   RPHwv316            =   -0.954906
   RPHwv317            =   -0.954147
   RPHwv318            =   -0.953393
   RPHwv319            =   -0.952644
   RPHwv320            =   -0.951899
   RPHwv321            =   -0.951160
   RPHwv322            =   -0.950425
   RPHwv323            =   -0.949696
   RPHwv324            =   -0.948972
   RPHwv325            =   -0.948254
   RPHwv326            =   -0.947541
   RPHwv327            =   -0.946834
   RPHwv328            =   -0.946133
   RPHwv329            =   -0.945438
   RPHwv330            =   -0.944750
   RPHwv331            =   -0.944067
   RPHwv332            =   -0.943390
   RPHwv333            =   -0.942720
   RPHwv334            =   -0.942057
   RPHwv335            =   -0.941399
   RPHwv336            =   -0.940748
   RPHwv337            =   -0.940104
   RPHwv338            =   -0.939466
   RPHwv339            =   -0.938835
   RPHwv340            =   -0.938210
   RPHwv341            =   -0.937592
   RPHwv342            =   -0.936981
   RPHwv343            =   -0.936376
   RPHwv344            =   -0.935778
   RPHwv345            =   -0.935186
   RPHwv346            =   -0.934600
   RPHwv347            =   -0.934021
   RPHwv348            =   -0.933449
   RPHwv349            =   -0.932883
   RPHwv350            =   -0.932323
   RPHwv351            =   -0.931769
   RPHwv352            =   -0.931221
   RPHwv353            =   -0.930679
   RPHwv354            =   -0.930143
   RPHwv355            =   -0.929613
   RPHwv356            =   -0.929089
   RPHwv357            =   -0.928570
   RPHwv358            =   -0.928057
   RPHwv359            =   -0.927548
   RPHwv360            =   -0.927045
   RPHwv361            =   -0.926547
   RPHwv362            =   -0.926054
   RPHwv363            =   -0.925565
   RPHwv364            =   -0.925081
   RPHwv365            =   -0.924602
   RPHwv366            =   -0.924126
   RPHwv367            =   -0.923654
   RPHwv368            =   -0.923187
   RPHwv369            =   -0.922722
   RPHwv370            =   -0.922261
   RPHwv371            =   -0.921804
   RPHwv372            =   -0.921349
   RPHwv373            =   -0.920897
   RPHwv374            =   -0.920448
   RPHwv375            =   -0.920000
   RPHwv376            =   -0.919555
   RPHwv377            =   -0.919112
   RPHwv378            =   -0.918670
   RPHwv379            =   -0.918230
   RPHwv380            =   -0.917791
   RPHwv381            =   -0.917353
   RPHwv382            =   -0.916915
   RPHwv383            =   -0.916478
   RPHwv384            =   -0.916041
   RPHwv385            =   -0.915604
   RPHwv386            =   -0.915166
   RPHwv387            =   -0.914728
   RPHwv388            =   -0.914289
   RPHwv389            =   -0.913849
   RPHwv390            =   -0.913407
   RPHwv391            =   -0.912963
   RPHwv392            =   -0.912518
   RPHwv393            =   -0.912070
   RPHwv394            =   -0.911620
   RPHwv395            =   -0.911167
   RPHwv396            =   -0.910710
   RPHwv397            =   -0.910251
   RPHwv398            =   -0.909787
   RPHwv399            =   -0.909320
   RPHwv400            =   -0.908848
   RPHwv401            =   -0.908372
spline parametrization: RPHkineticity
 number of pixels (RPHkineticity_Spline_Pixels): 401
 null value:     0.000000
   RPHkineticityx1     =    0.000000
   RPHkineticityx2     =    0.000000
   RPHkineticityx3     =    0.000000
   RPHkineticityx4     =    0.000001
   RPHkineticityx5     =    0.000001
   RPHkineticityx6     =    0.000002
   RPHkineticityx7     =    0.000004
   RPHkineticityx8     =    0.000006
   RPHkineticityx9     =    0.000009
   RPHkineticityx10    =    0.000012
   RPHkineticityx11    =    0.000017
   RPHkineticityx12    =    0.000022
   RPHkineticityx13    =    0.000029
   RPHkineticityx14    =    0.000036
   RPHkineticityx15    =    0.000045
   RPHkineticityx16    =    0.000055
   RPHkineticityx17    =    0.000067
   RPHkineticityx18    =    0.000080
   RPHkineticityx19    =    0.000095
   RPHkineticityx20    =    0.000111
   RPHkineticityx21    =    0.000130
   RPHkineticityx22    =    0.000150
   RPHkineticityx23    =    0.000172
   RPHkineticityx24    =    0.000196
   RPHkineticityx25    =    0.000223
   RPHkineticityx26    =    0.000252
   RPHkineticityx27    =    0.000283
   RPHkineticityx28    =    0.000317
   RPHkineticityx29    =    0.000353
   RPHkineticityx30    =    0.000392
   RPHkineticityx31    =    0.000433
   RPHkineticityx32    =    0.000478
   RPHkineticityx33    =    0.000525
   RPHkineticityx34    =    0.000576
   RPHkineticityx35    =    0.000630
   RPHkineticityx36    =    0.000686
   RPHkineticityx37    =    0.000747
   RPHkineticityx38    =    0.000810
   RPHkineticityx39    =    0.000877
   RPHkineticityx40    =    0.000948
   RPHkineticityx41    =    0.001023
   RPHkineticityx42    =    0.001101
   RPHkineticityx43    =    0.001183
   RPHkineticityx44    =    0.001269
   RPHkineticityx45    =    0.001359
   RPHkineticityx46    =    0.001454
   RPHkineticityx47    =    0.001553
   RPHkineticityx48    =    0.001656
   RPHkineticityx49    =    0.001763
   RPHkineticityx50    =    0.001875
   RPHkineticityx51    =    0.001992
   RPHkineticityx52    =    0.002113
   RPHkineticityx53    =    0.002240
   RPHkineticityx54    =    0.002371
   RPHkineticityx55    =    0.002507
   RPHkineticityx56    =    0.002649
   RPHkineticityx57    =    0.002795
   RPHkineticityx58    =    0.002947
   RPHkineticityx59    =    0.003104
   RPHkineticityx60    =    0.003267
   RPHkineticityx61    =    0.003436
   RPHkineticityx62    =    0.003610
   RPHkineticityx63    =    0.003790
   RPHkineticityx64    =    0.003975
   RPHkineticityx65    =    0.004167
   RPHkineticityx66    =    0.004365
   RPHkineticityx67    =    0.004569
   RPHkineticityx68    =    0.004779
   RPHkineticityx69    =    0.004996
   RPHkineticityx70    =    0.005219
   RPHkineticityx71    =    0.005448
   RPHkineticityx72    =    0.005685
   RPHkineticityx73    =    0.005928
   RPHkineticityx74    =    0.006177
   RPHkineticityx75    =    0.006434
   RPHkineticityx76    =    0.006698
   RPHkineticityx77    =    0.006969
   RPHkineticityx78    =    0.007247
   RPHkineticityx79    =    0.007532
   RPHkineticityx80    =    0.007825
   RPHkineticityx81    =    0.008125
   RPHkineticityx82    =    0.008433
   RPHkineticityx83    =    0.008748
   RPHkineticityx84    =    0.009071
   RPHkineticityx85    =    0.009403
   RPHkineticityx86    =    0.009742
   RPHkineticityx87    =    0.010089
   RPHkineticityx88    =    0.010444
   RPHkineticityx89    =    0.010807
   RPHkineticityx90    =    0.011179
   RPHkineticityx91    =    0.011560
   RPHkineticityx92    =    0.011948
   RPHkineticityx93    =    0.012346
   RPHkineticityx94    =    0.012752
   RPHkineticityx95    =    0.013167
   RPHkineticityx96    =    0.013591
   RPHkineticityx97    =    0.014024
   RPHkineticityx98    =    0.014466
   RPHkineticityx99    =    0.014917
   RPHkineticityx100   =    0.015377
   RPHkineticityx101   =    0.015847
   RPHkineticityx102   =    0.016326
   RPHkineticityx103   =    0.016815
   RPHkineticityx104   =    0.017314
   RPHkineticityx105   =    0.017822
   RPHkineticityx106   =    0.018340
   RPHkineticityx107   =    0.018868
   RPHkineticityx108   =    0.019406
   RPHkineticityx109   =    0.019955
   RPHkineticityx110   =    0.020513
   RPHkineticityx111   =    0.021082
   RPHkineticityx112   =    0.021661
   RPHkineticityx113   =    0.022251
   RPHkineticityx114   =    0.022851
   RPHkineticityx115   =    0.023462
   RPHkineticityx116   =    0.024084
   RPHkineticityx117   =    0.024717
   RPHkineticityx118   =    0.025360
   RPHkineticityx119   =    0.026015
   RPHkineticityx120   =    0.026681
   RPHkineticityx121   =    0.027358
   RPHkineticityx122   =    0.028047
   RPHkineticityx123   =    0.028747
   RPHkineticityx124   =    0.029459
   RPHkineticityx125   =    0.030182
   RPHkineticityx126   =    0.030917
   RPHkineticityx127   =    0.031664
   RPHkineticityx128   =    0.032423
   RPHkineticityx129   =    0.033193
   RPHkineticityx130   =    0.033976
   RPHkineticityx131   =    0.034771
   RPHkineticityx132   =    0.035579
   RPHkineticityx133   =    0.036399
   RPHkineticityx134   =    0.037231
   RPHkineticityx135   =    0.038076
   RPHkineticityx136   =    0.038934
   RPHkineticityx137   =    0.039804
   RPHkineticityx138   =    0.040687
   RPHkineticityx139   =    0.041584
   RPHkineticityx140   =    0.042493
   RPHkineticityx141   =    0.043415
   RPHkineticityx142   =    0.044351
   RPHkineticityx143   =    0.045300
   RPHkineticityx144   =    0.046263
   RPHkineticityx145   =    0.047239
   RPHkineticityx146   =    0.048229
   RPHkineticityx147   =    0.049232
   RPHkineticityx148   =    0.050249
   RPHkineticityx149   =    0.051281
   RPHkineticityx150   =    0.052326
   RPHkineticityx151   =    0.053385
   RPHkineticityx152   =    0.054459
   RPHkineticityx153   =    0.055546
   RPHkineticityx154   =    0.056648
   RPHkineticityx155   =    0.057765
   RPHkineticityx156   =    0.058896
   RPHkineticityx157   =    0.060042
   RPHkineticityx158   =    0.061203
   RPHkineticityx159   =    0.062379
   RPHkineticityx160   =    0.063569
   RPHkineticityx161   =    0.064775
   RPHkineticityx162   =    0.065995
   RPHkineticityx163   =    0.067231
   RPHkineticityx164   =    0.068483
   RPHkineticityx165   =    0.069749
   RPHkineticityx166   =    0.071032
   RPHkineticityx167   =    0.072329
   RPHkineticityx168   =    0.073643
   RPHkineticityx169   =    0.074972
   RPHkineticityx170   =    0.076318
   RPHkineticityx171   =    0.077679
   RPHkineticityx172   =    0.079056
   RPHkineticityx173   =    0.080450
   RPHkineticityx174   =    0.081860
   RPHkineticityx175   =    0.083286
   RPHkineticityx176   =    0.084729
   RPHkineticityx177   =    0.086188
   RPHkineticityx178   =    0.087664
   RPHkineticityx179   =    0.089156
   RPHkineticityx180   =    0.090666
   RPHkineticityx181   =    0.092192
   RPHkineticityx182   =    0.093736
   RPHkineticityx183   =    0.095297
   RPHkineticityx184   =    0.096874
   RPHkineticityx185   =    0.098470
   RPHkineticityx186   =    0.100082
   RPHkineticityx187   =    0.101712
   RPHkineticityx188   =    0.103360
   RPHkineticityx189   =    0.105025
   RPHkineticityx190   =    0.106709
   RPHkineticityx191   =    0.108410
   RPHkineticityx192   =    0.110129
   RPHkineticityx193   =    0.111866
   RPHkineticityx194   =    0.113621
   RPHkineticityx195   =    0.115395
   RPHkineticityx196   =    0.117187
   RPHkineticityx197   =    0.118997
   RPHkineticityx198   =    0.120826
   RPHkineticityx199   =    0.122674
   RPHkineticityx200   =    0.124540
   RPHkineticityx201   =    0.126425
   RPHkineticityx202   =    0.128329
   RPHkineticityx203   =    0.130253
   RPHkineticityx204   =    0.132195
   RPHkineticityx205   =    0.134156
   RPHkineticityx206   =    0.136137
   RPHkineticityx207   =    0.138137
   RPHkineticityx208   =    0.140157
   RPHkineticityx209   =    0.142196
   RPHkineticityx210   =    0.144255
   RPHkineticityx211   =    0.146334
   RPHkineticityx212   =    0.148432
   RPHkineticityx213   =    0.150551
   RPHkineticityx214   =    0.152690
   RPHkineticityx215   =    0.154848
   RPHkineticityx216   =    0.157027
   RPHkineticityx217   =    0.159227
   RPHkineticityx218   =    0.161447
   RPHkineticityx219   =    0.163687
   RPHkineticityx220   =    0.165948
   RPHkineticityx221   =    0.168230
   RPHkineticityx222   =    0.170532
   RPHkineticityx223   =    0.172856
   RPHkineticityx224   =    0.175200
   RPHkineticityx225   =    0.177566
   RPHkineticityx226   =    0.179952
   RPHkineticityx227   =    0.182360
   RPHkineticityx228   =    0.184790
   RPHkineticityx229   =    0.187241
   RPHkineticityx230   =    0.189713
   RPHkineticityx231   =    0.192208
   RPHkineticityx232   =    0.194723
   RPHkineticityx233   =    0.197261
   RPHkineticityx234   =    0.199821
   RPHkineticityx235   =    0.202403
   RPHkineticityx236   =    0.205007
   RPHkineticityx237   =    0.207633
   RPHkineticityx238   =    0.210281
   RPHkineticityx239   =    0.212952
   RPHkineticityx240   =    0.215646
   RPHkineticityx241   =    0.218362
   RPHkineticityx242   =    0.221101
   RPHkineticityx243   =    0.223862
   RPHkineticityx244   =    0.226647
   RPHkineticityx245   =    0.229454
   RPHkineticityx246   =    0.232285
   RPHkineticityx247   =    0.235139
   RPHkineticityx248   =    0.238016
   RPHkineticityx249   =    0.240916
   RPHkineticityx250   =    0.243840
   RPHkineticityx251   =    0.246787
   RPHkineticityx252   =    0.249759
   RPHkineticityx253   =    0.252753
   RPHkineticityx254   =    0.255772
   RPHkineticityx255   =    0.258815
   RPHkineticityx256   =    0.261881
   RPHkineticityx257   =    0.264972
   RPHkineticityx258   =    0.268087
   RPHkineticityx259   =    0.271227
   RPHkineticityx260   =    0.274390
   RPHkineticityx261   =    0.277579
   RPHkineticityx262   =    0.280791
   RPHkineticityx263   =    0.284029
   RPHkineticityx264   =    0.287291
   RPHkineticityx265   =    0.290579
   RPHkineticityx266   =    0.293891
   RPHkineticityx267   =    0.297228
   RPHkineticityx268   =    0.300591
   RPHkineticityx269   =    0.303978
   RPHkineticityx270   =    0.307391
   RPHkineticityx271   =    0.310830
   RPHkineticityx272   =    0.314294
   RPHkineticityx273   =    0.317784
   RPHkineticityx274   =    0.321299
   RPHkineticityx275   =    0.324841
   RPHkineticityx276   =    0.328408
   RPHkineticityx277   =    0.332001
   RPHkineticityx278   =    0.335620
   RPHkineticityx279   =    0.339266
   RPHkineticityx280   =    0.342938
   RPHkineticityx281   =    0.346636
   RPHkineticityx282   =    0.350361
   RPHkineticityx283   =    0.354112
   RPHkineticityx284   =    0.357890
   RPHkineticityx285   =    0.361695
   RPHkineticityx286   =    0.365527
   RPHkineticityx287   =    0.369385
   RPHkineticityx288   =    0.373271
   RPHkineticityx289   =    0.377184
   RPHkineticityx290   =    0.381124
   RPHkineticityx291   =    0.385092
   RPHkineticityx292   =    0.389086
   RPHkineticityx293   =    0.393109
   RPHkineticityx294   =    0.397159
   RPHkineticityx295   =    0.401237
   RPHkineticityx296   =    0.405342
   RPHkineticityx297   =    0.409476
   RPHkineticityx298   =    0.413637
   RPHkineticityx299   =    0.417827
   RPHkineticityx300   =    0.422045
   RPHkineticityx301   =    0.426291
   RPHkineticityx302   =    0.430565
   RPHkineticityx303   =    0.434868
   RPHkineticityx304   =    0.439200
   RPHkineticityx305   =    0.443560
   RPHkineticityx306   =    0.447949
   RPHkineticityx307   =    0.452367
   RPHkineticityx308   =    0.456814
   RPHkineticityx309   =    0.461290
   RPHkineticityx310   =    0.465794
   RPHkineticityx311   =    0.470329
   RPHkineticityx312   =    0.474892
   RPHkineticityx313   =    0.479485
   RPHkineticityx314   =    0.484108
   RPHkineticityx315   =    0.488760
   RPHkineticityx316   =    0.493442
   RPHkineticityx317   =    0.498153
   RPHkineticityx318   =    0.502895
   RPHkineticityx319   =    0.507666
   RPHkineticityx320   =    0.512468
   RPHkineticityx321   =    0.517299
   RPHkineticityx322   =    0.522161
   RPHkineticityx323   =    0.527054
   RPHkineticityx324   =    0.531977
   RPHkineticityx325   =    0.536930
   RPHkineticityx326   =    0.541914
   RPHkineticityx327   =    0.546929
   RPHkineticityx328   =    0.551975
   RPHkineticityx329   =    0.557051
   RPHkineticityx330   =    0.562159
   RPHkineticityx331   =    0.567298
   RPHkineticityx332   =    0.572468
   RPHkineticityx333   =    0.577669
   RPHkineticityx334   =    0.582902
   RPHkineticityx335   =    0.588166
   RPHkineticityx336   =    0.593462
   RPHkineticityx337   =    0.598789
   RPHkineticityx338   =    0.604149
   RPHkineticityx339   =    0.609540
   RPHkineticityx340   =    0.614963
   RPHkineticityx341   =    0.620418
   RPHkineticityx342   =    0.625906
   RPHkineticityx343   =    0.631425
   RPHkineticityx344   =    0.636977
   RPHkineticityx345   =    0.642562
   RPHkineticityx346   =    0.648179
   RPHkineticityx347   =    0.653828
   RPHkineticityx348   =    0.659511
   RPHkineticityx349   =    0.665226
   RPHkineticityx350   =    0.670974
   RPHkineticityx351   =    0.676755
   RPHkineticityx352   =    0.682570
   RPHkineticityx353   =    0.688417
   RPHkineticityx354   =    0.694298
   RPHkineticityx355   =    0.700212
   RPHkineticityx356   =    0.706160
   RPHkineticityx357   =    0.712141
   RPHkineticityx358   =    0.718156
   RPHkineticityx359   =    0.724204
   RPHkineticityx360   =    0.730287
   RPHkineticityx361   =    0.736404
   RPHkineticityx362   =    0.742554
   RPHkineticityx363   =    0.748739
   RPHkineticityx364   =    0.754958
   RPHkineticityx365   =    0.761211
   RPHkineticityx366   =    0.767499
   RPHkineticityx367   =    0.773821
   RPHkineticityx368   =    0.780178
   RPHkineticityx369   =    0.786570
   RPHkineticityx370   =    0.792996
   RPHkineticityx371   =    0.799458
   RPHkineticityx372   =    0.805954
   RPHkineticityx373   =    0.812485
   RPHkineticityx374   =    0.819052
   RPHkineticityx375   =    0.825654
   RPHkineticityx376   =    0.832291
   RPHkineticityx377   =    0.838964
   RPHkineticityx378   =    0.845673
   RPHkineticityx379   =    0.852417
   RPHkineticityx380   =    0.859196
   RPHkineticityx381   =    0.866012
   RPHkineticityx382   =    0.872864
   RPHkineticityx383   =    0.879751
   RPHkineticityx384   =    0.886675
   RPHkineticityx385   =    0.893635
   RPHkineticityx386   =    0.900631
   RPHkineticityx387   =    0.907664
   RPHkineticityx388   =    0.914733
   RPHkineticityx389   =    0.921839
   RPHkineticityx390   =    0.928982
   RPHkineticityx391   =    0.936161
   RPHkineticityx392   =    0.943378
   RPHkineticityx393   =    0.950631
   RPHkineticityx394   =    0.957921
   RPHkineticityx395   =    0.965249
   RPHkineticityx396   =    0.972614
   RPHkineticityx397   =    0.980016
   RPHkineticityx398   =    0.987455
   RPHkineticityx399   =    0.994933
   RPHkineticityx400   =    1.002447
   RPHkineticityx401   =    1.010000
   RPHkineticityv1     =    0.000000
   RPHkineticityv2     =    0.000000
   RPHkineticityv3     =    0.000000
   RPHkineticityv4     =    0.000000
   RPHkineticityv5     =    0.000000
   RPHkineticityv6     =    0.000000
   RPHkineticityv7     =    0.000000
   RPHkineticityv8     =    0.000000
   RPHkineticityv9     =    0.000000
   RPHkineticityv10    =    0.000000
   RPHkineticityv11    =    0.000000
   RPHkineticityv12    =    0.000000
   RPHkineticityv13    =    0.000000
   RPHkineticityv14    =    0.000000
   RPHkineticityv15    =    0.000000
   RPHkineticityv16    =    0.000000
   RPHkineticityv17    =    0.000000
   RPHkineticityv18    =    0.000000
   RPHkineticityv19    =    0.000000
   RPHkineticityv20    =    0.000000
   RPHkineticityv21    =    0.000000
   RPHkineticityv22    =    0.000000
   RPHkineticityv23    =    0.000000
   RPHkineticityv24    =    0.000000
   RPHkineticityv25    =    0.000000
   RPHkineticityv26    =    0.000000
   RPHkineticityv27    =    0.000000
   RPHkineticityv28    =    0.000000
   RPHkineticityv29    =    0.000000
   RPHkineticityv30    =    0.000000
   RPHkineticityv31    =    0.000000
   RPHkineticityv32    =    0.000000
   RPHkineticityv33    =    0.000000
   RPHkineticityv34    =    0.000000
   RPHkineticityv35    =    0.000000
   RPHkineticityv36    =    0.000000
   RPHkineticityv37    =    0.000000
   RPHkineticityv38    =    0.000000
   RPHkineticityv39    =    0.000000
   RPHkineticityv40    =    0.000000
   RPHkineticityv41    =    0.000000
   RPHkineticityv42    =    0.000000
   RPHkineticityv43    =    0.000000
   RPHkineticityv44    =    0.000000
   RPHkineticityv45    =    0.000000
   RPHkineticityv46    =    0.000000
   RPHkineticityv47    =    0.000000
   RPHkineticityv48    =    0.000000
   RPHkineticityv49    =    0.000000
   RPHkineticityv50    =    0.000000
   RPHkineticityv51    =    0.000000
   RPHkineticityv52    =    0.000000
   RPHkineticityv53    =    0.000000
   RPHkineticityv54    =    0.000000
   RPHkineticityv55    =    0.000000
   RPHkineticityv56    =    0.000000
   RPHkineticityv57    =    0.000000
   RPHkineticityv58    =    0.000000
   RPHkineticityv59    =    0.000000
   RPHkineticityv60    =    0.000000
   RPHkineticityv61    =    0.000000
   RPHkineticityv62    =    0.000000
   RPHkineticityv63    =    0.000000
   RPHkineticityv64    =    0.000000
   RPHkineticityv65    =    0.000000
   RPHkineticityv66    =    0.000000
   RPHkineticityv67    =    0.000000
   RPHkineticityv68    =    0.000000
   RPHkineticityv69    =    0.000000
   RPHkineticityv70    =    0.000000
   RPHkineticityv71    =    0.000000
   RPHkineticityv72    =    0.000000
   RPHkineticityv73    =    0.000000
   RPHkineticityv74    =    0.000000
   RPHkineticityv75    =    0.000000
   RPHkineticityv76    =    0.000001
   RPHkineticityv77    =    0.000001
   RPHkineticityv78    =    0.000001
   RPHkineticityv79    =    0.000001
   RPHkineticityv80    =    0.000001
   RPHkineticityv81    =    0.000001
   RPHkineticityv82    =    0.000001
   RPHkineticityv83    =    0.000001
   RPHkineticityv84    =    0.000001
   RPHkineticityv85    =    0.000002
   RPHkineticityv86    =    0.000002
   RPHkineticityv87    =    0.000002
   RPHkineticityv88    =    0.000002
   RPHkineticityv89    =    0.000002
   RPHkineticityv90    =    0.000003
   RPHkineticityv91    =    0.000003
   RPHkineticityv92    =    0.000003
   RPHkineticityv93    =    0.000004
   RPHkineticityv94    =    0.000004
   RPHkineticityv95    =    0.000004
   RPHkineticityv96    =    0.000005
   RPHkineticityv97    =    0.000005
   RPHkineticityv98    =    0.000006
   RPHkineticityv99    =    0.000006
   RPHkineticityv100   =    0.000007
   RPHkineticityv101   =    0.000008
   RPHkineticityv102   =    0.000008
   RPHkineticityv103   =    0.000009
   RPHkineticityv104   =    0.000010
   RPHkineticityv105   =    0.000011
   RPHkineticityv106   =    0.000012
   RPHkineticityv107   =    0.000013
   RPHkineticityv108   =    0.000014
   RPHkineticityv109   =    0.000015
   RPHkineticityv110   =    0.000017
   RPHkineticityv111   =    0.000018
   RPHkineticityv112   =    0.000020
   RPHkineticityv113   =    0.000021
   RPHkineticityv114   =    0.000023
   RPHkineticityv115   =    0.000025
   RPHkineticityv116   =    0.000027
   RPHkineticityv117   =    0.000030
   RPHkineticityv118   =    0.000032
   RPHkineticityv119   =    0.000034
   RPHkineticityv120   =    0.000037
   RPHkineticityv121   =    0.000040
   RPHkineticityv122   =    0.000043
   RPHkineticityv123   =    0.000047
   RPHkineticityv124   =    0.000050
   RPHkineticityv125   =    0.000054
   RPHkineticityv126   =    0.000058
   RPHkineticityv127   =    0.000063
   RPHkineticityv128   =    0.000067
   RPHkineticityv129   =    0.000072
   RPHkineticityv130   =    0.000078
   RPHkineticityv131   =    0.000083
   RPHkineticityv132   =    0.000089
   RPHkineticityv133   =    0.000096
   RPHkineticityv134   =    0.000102
   RPHkineticityv135   =    0.000110
   RPHkineticityv136   =    0.000117
   RPHkineticityv137   =    0.000125
   RPHkineticityv138   =    0.000134
   RPHkineticityv139   =    0.000143
   RPHkineticityv140   =    0.000153
   RPHkineticityv141   =    0.000163
   RPHkineticityv142   =    0.000174
   RPHkineticityv143   =    0.000186
   RPHkineticityv144   =    0.000198
   RPHkineticityv145   =    0.000211
   RPHkineticityv146   =    0.000225
   RPHkineticityv147   =    0.000239
   RPHkineticityv148   =    0.000255
   RPHkineticityv149   =    0.000271
   RPHkineticityv150   =    0.000288
   RPHkineticityv151   =    0.000306
   RPHkineticityv152   =    0.000325
   RPHkineticityv153   =    0.000346
   RPHkineticityv154   =    0.000367
   RPHkineticityv155   =    0.000389
   RPHkineticityv156   =    0.000413
   RPHkineticityv157   =    0.000438
   RPHkineticityv158   =    0.000465
   RPHkineticityv159   =    0.000492
   RPHkineticityv160   =    0.000521
   RPHkineticityv161   =    0.000552
   RPHkineticityv162   =    0.000585
   RPHkineticityv163   =    0.000619
   RPHkineticityv164   =    0.000654
   RPHkineticityv165   =    0.000692
   RPHkineticityv166   =    0.000732
   RPHkineticityv167   =    0.000773
   RPHkineticityv168   =    0.000817
   RPHkineticityv169   =    0.000863
   RPHkineticityv170   =    0.000911
   RPHkineticityv171   =    0.000962
   RPHkineticityv172   =    0.001015
   RPHkineticityv173   =    0.001070
   RPHkineticityv174   =    0.001129
   RPHkineticityv175   =    0.001190
   RPHkineticityv176   =    0.001254
   RPHkineticityv177   =    0.001321
   RPHkineticityv178   =    0.001391
   RPHkineticityv179   =    0.001465
   RPHkineticityv180   =    0.001542
   RPHkineticityv181   =    0.001623
   RPHkineticityv182   =    0.001708
   RPHkineticityv183   =    0.001796
   RPHkineticityv184   =    0.001889
   RPHkineticityv185   =    0.001986
   RPHkineticityv186   =    0.002087
   RPHkineticityv187   =    0.002192
   RPHkineticityv188   =    0.002303
   RPHkineticityv189   =    0.002418
   RPHkineticityv190   =    0.002539
   RPHkineticityv191   =    0.002665
   RPHkineticityv192   =    0.002796
   RPHkineticityv193   =    0.002933
   RPHkineticityv194   =    0.003077
   RPHkineticityv195   =    0.003226
   RPHkineticityv196   =    0.003382
   RPHkineticityv197   =    0.003544
   RPHkineticityv198   =    0.003713
   RPHkineticityv199   =    0.003890
   RPHkineticityv200   =    0.004073
   RPHkineticityv201   =    0.004265
   RPHkineticityv202   =    0.004464
   RPHkineticityv203   =    0.004672
   RPHkineticityv204   =    0.004888
   RPHkineticityv205   =    0.005113
   RPHkineticityv206   =    0.005348
   RPHkineticityv207   =    0.005591
   RPHkineticityv208   =    0.005845
   RPHkineticityv209   =    0.006108
   RPHkineticityv210   =    0.006382
   RPHkineticityv211   =    0.006667
   RPHkineticityv212   =    0.006963
   RPHkineticityv213   =    0.007270
   RPHkineticityv214   =    0.007589
   RPHkineticityv215   =    0.007921
   RPHkineticityv216   =    0.008265
   RPHkineticityv217   =    0.008622
   RPHkineticityv218   =    0.008993
   RPHkineticityv219   =    0.009378
   RPHkineticityv220   =    0.009777
   RPHkineticityv221   =    0.010191
   RPHkineticityv222   =    0.010620
   RPHkineticityv223   =    0.011064
   RPHkineticityv224   =    0.011525
   RPHkineticityv225   =    0.012003
   RPHkineticityv226   =    0.012497
   RPHkineticityv227   =    0.013010
   RPHkineticityv228   =    0.013540
   RPHkineticityv229   =    0.014089
   RPHkineticityv230   =    0.014657
   RPHkineticityv231   =    0.015244
   RPHkineticityv232   =    0.015852
   RPHkineticityv233   =    0.016481
   RPHkineticityv234   =    0.017130
   RPHkineticityv235   =    0.017802
   RPHkineticityv236   =    0.018496
   RPHkineticityv237   =    0.019213
   RPHkineticityv238   =    0.019953
   RPHkineticityv239   =    0.020718
   RPHkineticityv240   =    0.021507
   RPHkineticityv241   =    0.022321
   RPHkineticityv242   =    0.023162
   RPHkineticityv243   =    0.024028
   RPHkineticityv244   =    0.024922
   RPHkineticityv245   =    0.025843
   RPHkineticityv246   =    0.026793
   RPHkineticityv247   =    0.027771
   RPHkineticityv248   =    0.028779
   RPHkineticityv249   =    0.029817
   RPHkineticityv250   =    0.030885
   RPHkineticityv251   =    0.031985
   RPHkineticityv252   =    0.033116
   RPHkineticityv253   =    0.034280
   RPHkineticityv254   =    0.035476
   RPHkineticityv255   =    0.036706
   RPHkineticityv256   =    0.037971
   RPHkineticityv257   =    0.039269
   RPHkineticityv258   =    0.040603
   RPHkineticityv259   =    0.041973
   RPHkineticityv260   =    0.043378
   RPHkineticityv261   =    0.044821
   RPHkineticityv262   =    0.046301
   RPHkineticityv263   =    0.047818
   RPHkineticityv264   =    0.049373
   RPHkineticityv265   =    0.050967
   RPHkineticityv266   =    0.052600
   RPHkineticityv267   =    0.054272
   RPHkineticityv268   =    0.055984
   RPHkineticityv269   =    0.057736
   RPHkineticityv270   =    0.059529
   RPHkineticityv271   =    0.061362
   RPHkineticityv272   =    0.063236
   RPHkineticityv273   =    0.065151
   RPHkineticityv274   =    0.067108
   RPHkineticityv275   =    0.069106
   RPHkineticityv276   =    0.071146
   RPHkineticityv277   =    0.073227
   RPHkineticityv278   =    0.075351
   RPHkineticityv279   =    0.077516
   RPHkineticityv280   =    0.079724
   RPHkineticityv281   =    0.081973
   RPHkineticityv282   =    0.084263
   RPHkineticityv283   =    0.086596
   RPHkineticityv284   =    0.088969
   RPHkineticityv285   =    0.091384
   RPHkineticityv286   =    0.093840
   RPHkineticityv287   =    0.096336
   RPHkineticityv288   =    0.098873
   RPHkineticityv289   =    0.101449
   RPHkineticityv290   =    0.104065
   RPHkineticityv291   =    0.106719
   RPHkineticityv292   =    0.109412
   RPHkineticityv293   =    0.112142
   RPHkineticityv294   =    0.114909
   RPHkineticityv295   =    0.117713
   RPHkineticityv296   =    0.120551
   RPHkineticityv297   =    0.123425
   RPHkineticityv298   =    0.126332
   RPHkineticityv299   =    0.129272
   RPHkineticityv300   =    0.132244
   RPHkineticityv301   =    0.135247
   RPHkineticityv302   =    0.138280
   RPHkineticityv303   =    0.141342
   RPHkineticityv304   =    0.144431
   RPHkineticityv305   =    0.147546
   RPHkineticityv306   =    0.150687
   RPHkineticityv307   =    0.153851
   RPHkineticityv308   =    0.157038
   RPHkineticityv309   =    0.160246
   RPHkineticityv310   =    0.163473
   RPHkineticityv311   =    0.166720
   RPHkineticityv312   =    0.169982
   RPHkineticityv313   =    0.173261
   RPHkineticityv314   =    0.176553
   RPHkineticityv315   =    0.179857
   RPHkineticityv316   =    0.183172
   RPHkineticityv317   =    0.186496
   RPHkineticityv318   =    0.189827
   RPHkineticityv319   =    0.193164
   RPHkineticityv320   =    0.196506
   RPHkineticityv321   =    0.199850
   RPHkineticityv322   =    0.203194
   RPHkineticityv323   =    0.206538
   RPHkineticityv324   =    0.209880
   RPHkineticityv325   =    0.213217
   RPHkineticityv326   =    0.216548
   RPHkineticityv327   =    0.219871
   RPHkineticityv328   =    0.223186
   RPHkineticityv329   =    0.226489
   RPHkineticityv330   =    0.229781
   RPHkineticityv331   =    0.233058
   RPHkineticityv332   =    0.236319
   RPHkineticityv333   =    0.239563
   RPHkineticityv334   =    0.242788
   RPHkineticityv335   =    0.245993
   RPHkineticityv336   =    0.249176
   RPHkineticityv337   =    0.252336
   RPHkineticityv338   =    0.255472
   RPHkineticityv339   =    0.258581
   RPHkineticityv340   =    0.261663
   RPHkineticityv341   =    0.264716
   RPHkineticityv342   =    0.267740
   RPHkineticityv343   =    0.270733
   RPHkineticityv344   =    0.273693
   RPHkineticityv345   =    0.276620
   RPHkineticityv346   =    0.279513
   RPHkineticityv347   =    0.282371
   RPHkineticityv348   =    0.285193
   RPHkineticityv349   =    0.287977
   RPHkineticityv350   =    0.290724
   RPHkineticityv351   =    0.293432
   RPHkineticityv352   =    0.296102
   RPHkineticityv353   =    0.298731
   RPHkineticityv354   =    0.301320
   RPHkineticityv355   =    0.303868
   RPHkineticityv356   =    0.306374
   RPHkineticityv357   =    0.308840
   RPHkineticityv358   =    0.311263
   RPHkineticityv359   =    0.313643
   RPHkineticityv360   =    0.315982
   RPHkineticityv361   =    0.318278
   RPHkineticityv362   =    0.320531
   RPHkineticityv363   =    0.322742
   RPHkineticityv364   =    0.324910
   RPHkineticityv365   =    0.327036
   RPHkineticityv366   =    0.329119
   RPHkineticityv367   =    0.331161
   RPHkineticityv368   =    0.333161
   RPHkineticityv369   =    0.335120
   RPHkineticityv370   =    0.337037
   RPHkineticityv371   =    0.338914
   RPHkineticityv372   =    0.340752
   RPHkineticityv373   =    0.342550
   RPHkineticityv374   =    0.344309
   RPHkineticityv375   =    0.346029
   RPHkineticityv376   =    0.347713
   RPHkineticityv377   =    0.349360
   RPHkineticityv378   =    0.350971
   RPHkineticityv379   =    0.352546
   RPHkineticityv380   =    0.354088
   RPHkineticityv381   =    0.355596
   RPHkineticityv382   =    0.357072
   RPHkineticityv383   =    0.358516
   RPHkineticityv384   =    0.359930
   RPHkineticityv385   =    0.361315
   RPHkineticityv386   =    0.362671
   RPHkineticityv387   =    0.364000
   RPHkineticityv388   =    0.365303
   RPHkineticityv389   =    0.366581
   RPHkineticityv390   =    0.367835
   RPHkineticityv391   =    0.369066
   RPHkineticityv392   =    0.370276
   RPHkineticityv393   =    0.371466
   RPHkineticityv394   =    0.372636
   RPHkineticityv395   =    0.373789
   RPHkineticityv396   =    0.374926
   RPHkineticityv397   =    0.376047
   RPHkineticityv398   =    0.377155
   RPHkineticityv399   =    0.378250
   RPHkineticityv400   =    0.379333
   RPHkineticityv401   =    0.380407
spline parametrization: RPHbraiding
 number of pixels (RPHbraiding_Spline_Pixels): 401
 null value:    -0.000000
   RPHbraidingx1       =    0.000000
   RPHbraidingx2       =    0.000000
   RPHbraidingx3       =    0.000000
   RPHbraidingx4       =    0.000001
   RPHbraidingx5       =    0.000001
   RPHbraidingx6       =    0.000002
   RPHbraidingx7       =    0.000004
   RPHbraidingx8       =    0.000006
   RPHbraidingx9       =    0.000009
   RPHbraidingx10      =    0.000012
   RPHbraidingx11      =    0.000017
   RPHbraidingx12      =    0.000022
   RPHbraidingx13      =    0.000029
   RPHbraidingx14      =    0.000036
   RPHbraidingx15      =    0.000045
   RPHbraidingx16      =    0.000055
   RPHbraidingx17      =    0.000067
   RPHbraidingx18      =    0.000080
   RPHbraidingx19      =    0.000095
   RPHbraidingx20      =    0.000111
   RPHbraidingx21      =    0.000130
   RPHbraidingx22      =    0.000150
   RPHbraidingx23      =    0.000172
   RPHbraidingx24      =    0.000196
   RPHbraidingx25      =    0.000223
   RPHbraidingx26      =    0.000252
   RPHbraidingx27      =    0.000283
   RPHbraidingx28      =    0.000317
   RPHbraidingx29      =    0.000353
   RPHbraidingx30      =    0.000392
   RPHbraidingx31      =    0.000433
   RPHbraidingx32      =    0.000478
   RPHbraidingx33      =    0.000525
   RPHbraidingx34      =    0.000576
   RPHbraidingx35      =    0.000630
   RPHbraidingx36      =    0.000686
   RPHbraidingx37      =    0.000747
   RPHbraidingx38      =    0.000810
   RPHbraidingx39      =    0.000877
   RPHbraidingx40      =    0.000948
   RPHbraidingx41      =    0.001023
   RPHbraidingx42      =    0.001101
   RPHbraidingx43      =    0.001183
   RPHbraidingx44      =    0.001269
   RPHbraidingx45      =    0.001359
   RPHbraidingx46      =    0.001454
   RPHbraidingx47      =    0.001553
   RPHbraidingx48      =    0.001656
   RPHbraidingx49      =    0.001763
   RPHbraidingx50      =    0.001875
   RPHbraidingx51      =    0.001992
   RPHbraidingx52      =    0.002113
   RPHbraidingx53      =    0.002240
   RPHbraidingx54      =    0.002371
   RPHbraidingx55      =    0.002507
   RPHbraidingx56      =    0.002649
   RPHbraidingx57      =    0.002795
   RPHbraidingx58      =    0.002947
   RPHbraidingx59      =    0.003104
   RPHbraidingx60      =    0.003267
   RPHbraidingx61      =    0.003436
   RPHbraidingx62      =    0.003610
   RPHbraidingx63      =    0.003790
   RPHbraidingx64      =    0.003975
   RPHbraidingx65      =    0.004167
   RPHbraidingx66      =    0.004365
   RPHbraidingx67      =    0.004569
   RPHbraidingx68      =    0.004779
   RPHbraidingx69      =    0.004996
   RPHbraidingx70      =    0.005219
   RPHbraidingx71      =    0.005448
   RPHbraidingx72      =    0.005685
   RPHbraidingx73      =    0.005928
   RPHbraidingx74      =    0.006177
   RPHbraidingx75      =    0.006434
   RPHbraidingx76      =    0.006698
   RPHbraidingx77      =    0.006969
   RPHbraidingx78      =    0.007247
   RPHbraidingx79      =    0.007532
   RPHbraidingx80      =    0.007825
   RPHbraidingx81      =    0.008125
   RPHbraidingx82      =    0.008433
   RPHbraidingx83      =    0.008748
   RPHbraidingx84      =    0.009071
   RPHbraidingx85      =    0.009403
   RPHbraidingx86      =    0.009742
   RPHbraidingx87      =    0.010089
   RPHbraidingx88      =    0.010444
   RPHbraidingx89      =    0.010807
   RPHbraidingx90      =    0.011179
   RPHbraidingx91      =    0.011560
   RPHbraidingx92      =    0.011948
   RPHbraidingx93      =    0.012346
   RPHbraidingx94      =    0.012752
   RPHbraidingx95      =    0.013167
   RPHbraidingx96      =    0.013591
   RPHbraidingx97      =    0.014024
   RPHbraidingx98      =    0.014466
   RPHbraidingx99      =    0.014917
   RPHbraidingx100     =    0.015377
   RPHbraidingx101     =    0.015847
   RPHbraidingx102     =    0.016326
   RPHbraidingx103     =    0.016815
   RPHbraidingx104     =    0.017314
   RPHbraidingx105     =    0.017822
   RPHbraidingx106     =    0.018340
   RPHbraidingx107     =    0.018868
   RPHbraidingx108     =    0.019406
   RPHbraidingx109     =    0.019955
   RPHbraidingx110     =    0.020513
   RPHbraidingx111     =    0.021082
   RPHbraidingx112     =    0.021661
   RPHbraidingx113     =    0.022251
   RPHbraidingx114     =    0.022851
   RPHbraidingx115     =    0.023462
   RPHbraidingx116     =    0.024084
   RPHbraidingx117     =    0.024717
   RPHbraidingx118     =    0.025360
   RPHbraidingx119     =    0.026015
   RPHbraidingx120     =    0.026681
   RPHbraidingx121     =    0.027358
   RPHbraidingx122     =    0.028047
   RPHbraidingx123     =    0.028747
   RPHbraidingx124     =    0.029459
   RPHbraidingx125     =    0.030182
   RPHbraidingx126     =    0.030917
   RPHbraidingx127     =    0.031664
   RPHbraidingx128     =    0.032423
   RPHbraidingx129     =    0.033193
   RPHbraidingx130     =    0.033976
   RPHbraidingx131     =    0.034771
   RPHbraidingx132     =    0.035579
   RPHbraidingx133     =    0.036399
   RPHbraidingx134     =    0.037231
   RPHbraidingx135     =    0.038076
   RPHbraidingx136     =    0.038934
   RPHbraidingx137     =    0.039804
   RPHbraidingx138     =    0.040687
   RPHbraidingx139     =    0.041584
   RPHbraidingx140     =    0.042493
   RPHbraidingx141     =    0.043415
   RPHbraidingx142     =    0.044351
   RPHbraidingx143     =    0.045300
   RPHbraidingx144     =    0.046263
   RPHbraidingx145     =    0.047239
   RPHbraidingx146     =    0.048229
   RPHbraidingx147     =    0.049232
   RPHbraidingx148     =    0.050249
   RPHbraidingx149     =    0.051281
   RPHbraidingx150     =    0.052326
   RPHbraidingx151     =    0.053385
   RPHbraidingx152     =    0.054459
   RPHbraidingx153     =    0.055546
   RPHbraidingx154     =    0.056648
   RPHbraidingx155     =    0.057765
   RPHbraidingx156     =    0.058896
   RPHbraidingx157     =    0.060042
   RPHbraidingx158     =    0.061203
   RPHbraidingx159     =    0.062379
   RPHbraidingx160     =    0.063569
   RPHbraidingx161     =    0.064775
   RPHbraidingx162     =    0.065995
   RPHbraidingx163     =    0.067231
   RPHbraidingx164     =    0.068483
   RPHbraidingx165     =    0.069749
   RPHbraidingx166     =    0.071032
   RPHbraidingx167     =    0.072329
   RPHbraidingx168     =    0.073643
   RPHbraidingx169     =    0.074972
   RPHbraidingx170     =    0.076318
   RPHbraidingx171     =    0.077679
   RPHbraidingx172     =    0.079056
   RPHbraidingx173     =    0.080450
   RPHbraidingx174     =    0.081860
   RPHbraidingx175     =    0.083286
   RPHbraidingx176     =    0.084729
   RPHbraidingx177     =    0.086188
   RPHbraidingx178     =    0.087664
   RPHbraidingx179     =    0.089156
   RPHbraidingx180     =    0.090666
   RPHbraidingx181     =    0.092192
   RPHbraidingx182     =    0.093736
   RPHbraidingx183     =    0.095297
   RPHbraidingx184     =    0.096874
   RPHbraidingx185     =    0.098470
   RPHbraidingx186     =    0.100082
   RPHbraidingx187     =    0.101712
   RPHbraidingx188     =    0.103360
   RPHbraidingx189     =    0.105025
   RPHbraidingx190     =    0.106709
   RPHbraidingx191     =    0.108410
   RPHbraidingx192     =    0.110129
   RPHbraidingx193     =    0.111866
   RPHbraidingx194     =    0.113621
   RPHbraidingx195     =    0.115395
   RPHbraidingx196     =    0.117187
   RPHbraidingx197     =    0.118997
   RPHbraidingx198     =    0.120826
   RPHbraidingx199     =    0.122674
   RPHbraidingx200     =    0.124540
   RPHbraidingx201     =    0.126425
   RPHbraidingx202     =    0.128329
   RPHbraidingx203     =    0.130253
   RPHbraidingx204     =    0.132195
   RPHbraidingx205     =    0.134156
   RPHbraidingx206     =    0.136137
   RPHbraidingx207     =    0.138137
   RPHbraidingx208     =    0.140157
   RPHbraidingx209     =    0.142196
   RPHbraidingx210     =    0.144255
   RPHbraidingx211     =    0.146334
   RPHbraidingx212     =    0.148432
   RPHbraidingx213     =    0.150551
   RPHbraidingx214     =    0.152690
   RPHbraidingx215     =    0.154848
   RPHbraidingx216     =    0.157027
   RPHbraidingx217     =    0.159227
   RPHbraidingx218     =    0.161447
   RPHbraidingx219     =    0.163687
   RPHbraidingx220     =    0.165948
   RPHbraidingx221     =    0.168230
   RPHbraidingx222     =    0.170532
   RPHbraidingx223     =    0.172856
   RPHbraidingx224     =    0.175200
   RPHbraidingx225     =    0.177566
   RPHbraidingx226     =    0.179952
   RPHbraidingx227     =    0.182360
   RPHbraidingx228     =    0.184790
   RPHbraidingx229     =    0.187241
   RPHbraidingx230     =    0.189713
   RPHbraidingx231     =    0.192208
   RPHbraidingx232     =    0.194723
   RPHbraidingx233     =    0.197261
   RPHbraidingx234     =    0.199821
   RPHbraidingx235     =    0.202403
   RPHbraidingx236     =    0.205007
   RPHbraidingx237     =    0.207633
   RPHbraidingx238     =    0.210281
   RPHbraidingx239     =    0.212952
   RPHbraidingx240     =    0.215646
   RPHbraidingx241     =    0.218362
   RPHbraidingx242     =    0.221101
   RPHbraidingx243     =    0.223862
   RPHbraidingx244     =    0.226647
   RPHbraidingx245     =    0.229454
   RPHbraidingx246     =    0.232285
   RPHbraidingx247     =    0.235139
   RPHbraidingx248     =    0.238016
   RPHbraidingx249     =    0.240916
   RPHbraidingx250     =    0.243840
   RPHbraidingx251     =    0.246787
   RPHbraidingx252     =    0.249759
   RPHbraidingx253     =    0.252753
   RPHbraidingx254     =    0.255772
   RPHbraidingx255     =    0.258815
   RPHbraidingx256     =    0.261881
   RPHbraidingx257     =    0.264972
   RPHbraidingx258     =    0.268087
   RPHbraidingx259     =    0.271227
   RPHbraidingx260     =    0.274390
   RPHbraidingx261     =    0.277579
   RPHbraidingx262     =    0.280791
   RPHbraidingx263     =    0.284029
   RPHbraidingx264     =    0.287291
   RPHbraidingx265     =    0.290579
   RPHbraidingx266     =    0.293891
   RPHbraidingx267     =    0.297228
   RPHbraidingx268     =    0.300591
   RPHbraidingx269     =    0.303978
   RPHbraidingx270     =    0.307391
   RPHbraidingx271     =    0.310830
   RPHbraidingx272     =    0.314294
   RPHbraidingx273     =    0.317784
   RPHbraidingx274     =    0.321299
   RPHbraidingx275     =    0.324841
   RPHbraidingx276     =    0.328408
   RPHbraidingx277     =    0.332001
   RPHbraidingx278     =    0.335620
   RPHbraidingx279     =    0.339266
   RPHbraidingx280     =    0.342938
   RPHbraidingx281     =    0.346636
   RPHbraidingx282     =    0.350361
   RPHbraidingx283     =    0.354112
   RPHbraidingx284     =    0.357890
   RPHbraidingx285     =    0.361695
   RPHbraidingx286     =    0.365527
   RPHbraidingx287     =    0.369385
   RPHbraidingx288     =    0.373271
   RPHbraidingx289     =    0.377184
   RPHbraidingx290     =    0.381124
   RPHbraidingx291     =    0.385092
   RPHbraidingx292     =    0.389086
   RPHbraidingx293     =    0.393109
   RPHbraidingx294     =    0.397159
   RPHbraidingx295     =    0.401237
   RPHbraidingx296     =    0.405342
   RPHbraidingx297     =    0.409476
   RPHbraidingx298     =    0.413637
   RPHbraidingx299     =    0.417827
   RPHbraidingx300     =    0.422045
   RPHbraidingx301     =    0.426291
   RPHbraidingx302     =    0.430565
   RPHbraidingx303     =    0.434868
   RPHbraidingx304     =    0.439200
   RPHbraidingx305     =    0.443560
   RPHbraidingx306     =    0.447949
   RPHbraidingx307     =    0.452367
   RPHbraidingx308     =    0.456814
   RPHbraidingx309     =    0.461290
   RPHbraidingx310     =    0.465794
   RPHbraidingx311     =    0.470329
   RPHbraidingx312     =    0.474892
   RPHbraidingx313     =    0.479485
   RPHbraidingx314     =    0.484108
   RPHbraidingx315     =    0.488760
   RPHbraidingx316     =    0.493442
   RPHbraidingx317     =    0.498153
   RPHbraidingx318     =    0.502895
   RPHbraidingx319     =    0.507666
   RPHbraidingx320     =    0.512468
   RPHbraidingx321     =    0.517299
   RPHbraidingx322     =    0.522161
   RPHbraidingx323     =    0.527054
   RPHbraidingx324     =    0.531977
   RPHbraidingx325     =    0.536930
   RPHbraidingx326     =    0.541914
   RPHbraidingx327     =    0.546929
   RPHbraidingx328     =    0.551975
   RPHbraidingx329     =    0.557051
   RPHbraidingx330     =    0.562159
   RPHbraidingx331     =    0.567298
   RPHbraidingx332     =    0.572468
   RPHbraidingx333     =    0.577669
   RPHbraidingx334     =    0.582902
   RPHbraidingx335     =    0.588166
   RPHbraidingx336     =    0.593462
   RPHbraidingx337     =    0.598789
   RPHbraidingx338     =    0.604149
   RPHbraidingx339     =    0.609540
   RPHbraidingx340     =    0.614963
   RPHbraidingx341     =    0.620418
   RPHbraidingx342     =    0.625906
   RPHbraidingx343     =    0.631425
   RPHbraidingx344     =    0.636977
   RPHbraidingx345     =    0.642562
   RPHbraidingx346     =    0.648179
   RPHbraidingx347     =    0.653828
   RPHbraidingx348     =    0.659511
   RPHbraidingx349     =    0.665226
   RPHbraidingx350     =    0.670974
   RPHbraidingx351     =    0.676755
   RPHbraidingx352     =    0.682570
   RPHbraidingx353     =    0.688417
   RPHbraidingx354     =    0.694298
   RPHbraidingx355     =    0.700212
   RPHbraidingx356     =    0.706160
   RPHbraidingx357     =    0.712141
   RPHbraidingx358     =    0.718156
   RPHbraidingx359     =    0.724204
   RPHbraidingx360     =    0.730287
   RPHbraidingx361     =    0.736404
   RPHbraidingx362     =    0.742554
   RPHbraidingx363     =    0.748739
   RPHbraidingx364     =    0.754958
   RPHbraidingx365     =    0.761211
   RPHbraidingx366     =    0.767499
   RPHbraidingx367     =    0.773821
   RPHbraidingx368     =    0.780178
   RPHbraidingx369     =    0.786570
   RPHbraidingx370     =    0.792996
   RPHbraidingx371     =    0.799458
   RPHbraidingx372     =    0.805954
   RPHbraidingx373     =    0.812485
   RPHbraidingx374     =    0.819052
   RPHbraidingx375     =    0.825654
   RPHbraidingx376     =    0.832291
   RPHbraidingx377     =    0.838964
   RPHbraidingx378     =    0.845673
   RPHbraidingx379     =    0.852417
   RPHbraidingx380     =    0.859196
   RPHbraidingx381     =    0.866012
   RPHbraidingx382     =    0.872864
   RPHbraidingx383     =    0.879751
   RPHbraidingx384     =    0.886675
   RPHbraidingx385     =    0.893635
   RPHbraidingx386     =    0.900631
   RPHbraidingx387     =    0.907664
   RPHbraidingx388     =    0.914733
   RPHbraidingx389     =    0.921839
   RPHbraidingx390     =    0.928982
   RPHbraidingx391     =    0.936161
   RPHbraidingx392     =    0.943378
   RPHbraidingx393     =    0.950631
   RPHbraidingx394     =    0.957921
   RPHbraidingx395     =    0.965249
   RPHbraidingx396     =    0.972614
   RPHbraidingx397     =    0.980016
   RPHbraidingx398     =    0.987455
   RPHbraidingx399     =    0.994933
   RPHbraidingx400     =    1.002447
   RPHbraidingx401     =    1.010000
   RPHbraidingv1       =   -0.000000
   RPHbraidingv2       =   -0.000000
   RPHbraidingv3       =   -0.000000
   RPHbraidingv4       =   -0.000000
   RPHbraidingv5       =   -0.000000
   RPHbraidingv6       =   -0.000000
   RPHbraidingv7       =   -0.000000
   RPHbraidingv8       =   -0.000000
   RPHbraidingv9       =   -0.000000
   RPHbraidingv10      =   -0.000000
   RPHbraidingv11      =   -0.000000
   RPHbraidingv12      =   -0.000000
   RPHbraidingv13      =   -0.000000
   RPHbraidingv14      =   -0.000000
   RPHbraidingv15      =   -0.000000
   RPHbraidingv16      =   -0.000000
   RPHbraidingv17      =   -0.000000
   RPHbraidingv18      =   -0.000000
   RPHbraidingv19      =   -0.000000
   RPHbraidingv20      =   -0.000000
   RPHbraidingv21      =   -0.000000
   RPHbraidingv22      =   -0.000000
   RPHbraidingv23      =   -0.000000
   RPHbraidingv24      =   -0.000000
   RPHbraidingv25      =   -0.000000
   RPHbraidingv26      =   -0.000000
   RPHbraidingv27      =   -0.000000
   RPHbraidingv28      =   -0.000000
   RPHbraidingv29      =   -0.000000
   RPHbraidingv30      =   -0.000000
   RPHbraidingv31      =   -0.000000
   RPHbraidingv32      =   -0.000000
   RPHbraidingv33      =   -0.000000
   RPHbraidingv34      =   -0.000000
   RPHbraidingv35      =   -0.000000
   RPHbraidingv36      =   -0.000000
   RPHbraidingv37      =   -0.000000
   RPHbraidingv38      =   -0.000000
   RPHbraidingv39      =   -0.000000
   RPHbraidingv40      =   -0.000000
   RPHbraidingv41      =   -0.000000
   RPHbraidingv42      =   -0.000000
   RPHbraidingv43      =   -0.000000
   RPHbraidingv44      =   -0.000000
   RPHbraidingv45      =   -0.000000
   RPHbraidingv46      =   -0.000000
   RPHbraidingv47      =   -0.000000
   RPHbraidingv48      =   -0.000000
   RPHbraidingv49      =   -0.000000
   RPHbraidingv50      =   -0.000000
   RPHbraidingv51      =   -0.000000
   RPHbraidingv52      =   -0.000000
   RPHbraidingv53      =   -0.000000
   RPHbraidingv54      =   -0.000000
   RPHbraidingv55      =   -0.000000
   RPHbraidingv56      =   -0.000000
   RPHbraidingv57      =   -0.000000
   RPHbraidingv58      =   -0.000000
   RPHbraidingv59      =   -0.000000
   RPHbraidingv60      =   -0.000000
   RPHbraidingv61      =   -0.000000
   RPHbraidingv62      =   -0.000000
   RPHbraidingv63      =   -0.000000
   RPHbraidingv64      =   -0.000000
   RPHbraidingv65      =   -0.000000
   RPHbraidingv66      =   -0.000000
   RPHbraidingv67      =   -0.000000
   RPHbraidingv68      =   -0.000000
   RPHbraidingv69      =   -0.000000
   RPHbraidingv70      =   -0.000000
   RPHbraidingv71      =   -0.000000
   RPHbraidingv72      =   -0.000000
   RPHbraidingv73      =   -0.000000
   RPHbraidingv74      =   -0.000000
   RPHbraidingv75      =   -0.000000
   RPHbraidingv76      =   -0.000000
   RPHbraidingv77      =   -0.000000
   RPHbraidingv78      =   -0.000000
   RPHbraidingv79      =   -0.000000
   RPHbraidingv80      =   -0.000000
   RPHbraidingv81      =   -0.000000
   RPHbraidingv82      =   -0.000000
   RPHbraidingv83      =   -0.000000
   RPHbraidingv84      =   -0.000000
   RPHbraidingv85      =   -0.000000
   RPHbraidingv86      =   -0.000000
   RPHbraidingv87      =   -0.000000
   RPHbraidingv88      =   -0.000000
   RPHbraidingv89      =   -0.000000
   RPHbraidingv90      =   -0.000001
   RPHbraidingv91      =   -0.000001
   RPHbraidingv92      =   -0.000001
   RPHbraidingv93      =   -0.000001
   RPHbraidingv94      =   -0.000001
   RPHbraidingv95      =   -0.000001
   RPHbraidingv96      =   -0.000001
   RPHbraidingv97      =   -0.000001
   RPHbraidingv98      =   -0.000001
   RPHbraidingv99      =   -0.000001
   RPHbraidingv100     =   -0.000001
   RPHbraidingv101     =   -0.000002
   RPHbraidingv102     =   -0.000002
   RPHbraidingv103     =   -0.000002
   RPHbraidingv104     =   -0.000002
   RPHbraidingv105     =   -0.000002
   RPHbraidingv106     =   -0.000002
   RPHbraidingv107     =   -0.000003
   RPHbraidingv108     =   -0.000003
   RPHbraidingv109     =   -0.000003
   RPHbraidingv110     =   -0.000003
   RPHbraidingv111     =   -0.000004
   RPHbraidingv112     =   -0.000004
   RPHbraidingv113     =   -0.000004
   RPHbraidingv114     =   -0.000005
   RPHbraidingv115     =   -0.000005
   RPHbraidingv116     =   -0.000006
   RPHbraidingv117     =   -0.000006
   RPHbraidingv118     =   -0.000007
   RPHbraidingv119     =   -0.000007
   RPHbraidingv120     =   -0.000008
   RPHbraidingv121     =   -0.000008
   RPHbraidingv122     =   -0.000009
   RPHbraidingv123     =   -0.000010
   RPHbraidingv124     =   -0.000010
   RPHbraidingv125     =   -0.000011
   RPHbraidingv126     =   -0.000012
   RPHbraidingv127     =   -0.000013
   RPHbraidingv128     =   -0.000014
   RPHbraidingv129     =   -0.000015
   RPHbraidingv130     =   -0.000016
   RPHbraidingv131     =   -0.000017
   RPHbraidingv132     =   -0.000019
   RPHbraidingv133     =   -0.000020
   RPHbraidingv134     =   -0.000021
   RPHbraidingv135     =   -0.000023
   RPHbraidingv136     =   -0.000024
   RPHbraidingv137     =   -0.000026
   RPHbraidingv138     =   -0.000028
   RPHbraidingv139     =   -0.000030
   RPHbraidingv140     =   -0.000032
   RPHbraidingv141     =   -0.000034
   RPHbraidingv142     =   -0.000036
   RPHbraidingv143     =   -0.000039
   RPHbraidingv144     =   -0.000041
   RPHbraidingv145     =   -0.000044
   RPHbraidingv146     =   -0.000047
   RPHbraidingv147     =   -0.000050
   RPHbraidingv148     =   -0.000053
   RPHbraidingv149     =   -0.000057
   RPHbraidingv150     =   -0.000061
   RPHbraidingv151     =   -0.000064
   RPHbraidingv152     =   -0.000068
   RPHbraidingv153     =   -0.000073
   RPHbraidingv154     =   -0.000077
   RPHbraidingv155     =   -0.000082
   RPHbraidingv156     =   -0.000087
   RPHbraidingv157     =   -0.000092
   RPHbraidingv158     =   -0.000098
   RPHbraidingv159     =   -0.000104
   RPHbraidingv160     =   -0.000110
   RPHbraidingv161     =   -0.000116
   RPHbraidingv162     =   -0.000123
   RPHbraidingv163     =   -0.000131
   RPHbraidingv164     =   -0.000138
   RPHbraidingv165     =   -0.000146
   RPHbraidingv166     =   -0.000154
   RPHbraidingv167     =   -0.000163
   RPHbraidingv168     =   -0.000173
   RPHbraidingv169     =   -0.000182
   RPHbraidingv170     =   -0.000193
   RPHbraidingv171     =   -0.000203
   RPHbraidingv172     =   -0.000215
   RPHbraidingv173     =   -0.000226
   RPHbraidingv174     =   -0.000239
   RPHbraidingv175     =   -0.000252
   RPHbraidingv176     =   -0.000265
   RPHbraidingv177     =   -0.000280
   RPHbraidingv178     =   -0.000295
   RPHbraidingv179     =   -0.000310
   RPHbraidingv180     =   -0.000327
   RPHbraidingv181     =   -0.000344
   RPHbraidingv182     =   -0.000362
   RPHbraidingv183     =   -0.000380
   RPHbraidingv184     =   -0.000400
   RPHbraidingv185     =   -0.000421
   RPHbraidingv186     =   -0.000442
   RPHbraidingv187     =   -0.000464
   RPHbraidingv188     =   -0.000488
   RPHbraidingv189     =   -0.000512
   RPHbraidingv190     =   -0.000538
   RPHbraidingv191     =   -0.000565
   RPHbraidingv192     =   -0.000592
   RPHbraidingv193     =   -0.000621
   RPHbraidingv194     =   -0.000652
   RPHbraidingv195     =   -0.000683
   RPHbraidingv196     =   -0.000716
   RPHbraidingv197     =   -0.000751
   RPHbraidingv198     =   -0.000786
   RPHbraidingv199     =   -0.000824
   RPHbraidingv200     =   -0.000863
   RPHbraidingv201     =   -0.000903
   RPHbraidingv202     =   -0.000945
   RPHbraidingv203     =   -0.000989
   RPHbraidingv204     =   -0.001035
   RPHbraidingv205     =   -0.001082
   RPHbraidingv206     =   -0.001131
   RPHbraidingv207     =   -0.001183
   RPHbraidingv208     =   -0.001236
   RPHbraidingv209     =   -0.001292
   RPHbraidingv210     =   -0.001349
   RPHbraidingv211     =   -0.001409
   RPHbraidingv212     =   -0.001471
   RPHbraidingv213     =   -0.001536
   RPHbraidingv214     =   -0.001603
   RPHbraidingv215     =   -0.001672
   RPHbraidingv216     =   -0.001745
   RPHbraidingv217     =   -0.001820
   RPHbraidingv218     =   -0.001897
   RPHbraidingv219     =   -0.001978
   RPHbraidingv220     =   -0.002062
   RPHbraidingv221     =   -0.002148
   RPHbraidingv222     =   -0.002238
   RPHbraidingv223     =   -0.002331
   RPHbraidingv224     =   -0.002427
   RPHbraidingv225     =   -0.002527
   RPHbraidingv226     =   -0.002630
   RPHbraidingv227     =   -0.002737
   RPHbraidingv228     =   -0.002848
   RPHbraidingv229     =   -0.002962
   RPHbraidingv230     =   -0.003081
   RPHbraidingv231     =   -0.003203
   RPHbraidingv232     =   -0.003330
   RPHbraidingv233     =   -0.003461
   RPHbraidingv234     =   -0.003596
   RPHbraidingv235     =   -0.003736
   RPHbraidingv236     =   -0.003880
   RPHbraidingv237     =   -0.004029
   RPHbraidingv238     =   -0.004183
   RPHbraidingv239     =   -0.004342
   RPHbraidingv240     =   -0.004506
   RPHbraidingv241     =   -0.004675
   RPHbraidingv242     =   -0.004850
   RPHbraidingv243     =   -0.005030
   RPHbraidingv244     =   -0.005215
   RPHbraidingv245     =   -0.005407
   RPHbraidingv246     =   -0.005604
   RPHbraidingv247     =   -0.005807
   RPHbraidingv248     =   -0.006016
   RPHbraidingv249     =   -0.006231
   RPHbraidingv250     =   -0.006453
   RPHbraidingv251     =   -0.006682
   RPHbraidingv252     =   -0.006916
   RPHbraidingv253     =   -0.007158
   RPHbraidingv254     =   -0.007407
   RPHbraidingv255     =   -0.007662
   RPHbraidingv256     =   -0.007925
   RPHbraidingv257     =   -0.008195
   RPHbraidingv258     =   -0.008473
   RPHbraidingv259     =   -0.008758
   RPHbraidingv260     =   -0.009050
   RPHbraidingv261     =   -0.009351
   RPHbraidingv262     =   -0.009660
   RPHbraidingv263     =   -0.009976
   RPHbraidingv264     =   -0.010301
   RPHbraidingv265     =   -0.010634
   RPHbraidingv266     =   -0.010976
   RPHbraidingv267     =   -0.011326
   RPHbraidingv268     =   -0.011685
   RPHbraidingv269     =   -0.012053
   RPHbraidingv270     =   -0.012429
   RPHbraidingv271     =   -0.012815
   RPHbraidingv272     =   -0.013210
   RPHbraidingv273     =   -0.013614
   RPHbraidingv274     =   -0.014028
   RPHbraidingv275     =   -0.014451
   RPHbraidingv276     =   -0.014883
   RPHbraidingv277     =   -0.015326
   RPHbraidingv278     =   -0.015778
   RPHbraidingv279     =   -0.016240
   RPHbraidingv280     =   -0.016711
   RPHbraidingv281     =   -0.017193
   RPHbraidingv282     =   -0.017685
   RPHbraidingv283     =   -0.018187
   RPHbraidingv284     =   -0.018699
   RPHbraidingv285     =   -0.019222
   RPHbraidingv286     =   -0.019755
   RPHbraidingv287     =   -0.020298
   RPHbraidingv288     =   -0.020851
   RPHbraidingv289     =   -0.021415
   RPHbraidingv290     =   -0.021990
   RPHbraidingv291     =   -0.022575
   RPHbraidingv292     =   -0.023170
   RPHbraidingv293     =   -0.023776
   RPHbraidingv294     =   -0.024392
   RPHbraidingv295     =   -0.025019
   RPHbraidingv296     =   -0.025657
   RPHbraidingv297     =   -0.026305
   RPHbraidingv298     =   -0.026963
   RPHbraidingv299     =   -0.027631
   RPHbraidingv300     =   -0.028310
   RPHbraidingv301     =   -0.029000
   RPHbraidingv302     =   -0.029699
   RPHbraidingv303     =   -0.030409
   RPHbraidingv304     =   -0.031129
   RPHbraidingv305     =   -0.031859
   RPHbraidingv306     =   -0.032598
   RPHbraidingv307     =   -0.033348
   RPHbraidingv308     =   -0.034107
   RPHbraidingv309     =   -0.034876
   RPHbraidingv310     =   -0.035654
   RPHbraidingv311     =   -0.036442
   RPHbraidingv312     =   -0.037239
   RPHbraidingv313     =   -0.038045
   RPHbraidingv314     =   -0.038859
   RPHbraidingv315     =   -0.039683
   RPHbraidingv316     =   -0.040515
   RPHbraidingv317     =   -0.041356
   RPHbraidingv318     =   -0.042204
   RPHbraidingv319     =   -0.043061
   RPHbraidingv320     =   -0.043926
   RPHbraidingv321     =   -0.044798
   RPHbraidingv322     =   -0.045677
   RPHbraidingv323     =   -0.046564
   RPHbraidingv324     =   -0.047458
   RPHbraidingv325     =   -0.048359
   RPHbraidingv326     =   -0.049266
   RPHbraidingv327     =   -0.050179
   RPHbraidingv328     =   -0.051098
   RPHbraidingv329     =   -0.052024
   RPHbraidingv330     =   -0.052954
   RPHbraidingv331     =   -0.053890
   RPHbraidingv332     =   -0.054831
   RPHbraidingv333     =   -0.055777
   RPHbraidingv334     =   -0.056727
   RPHbraidingv335     =   -0.057682
   RPHbraidingv336     =   -0.058640
   RPHbraidingv337     =   -0.059602
   RPHbraidingv338     =   -0.060568
   RPHbraidingv339     =   -0.061536
   RPHbraidingv340     =   -0.062507
   RPHbraidingv341     =   -0.063481
   RPHbraidingv342     =   -0.064457
   RPHbraidingv343     =   -0.065436
   RPHbraidingv344     =   -0.066415
   RPHbraidingv345     =   -0.067397
   RPHbraidingv346     =   -0.068379
   RPHbraidingv347     =   -0.069362
   RPHbraidingv348     =   -0.070346
   RPHbraidingv349     =   -0.071330
   RPHbraidingv350     =   -0.072314
   RPHbraidingv351     =   -0.073297
   RPHbraidingv352     =   -0.074281
   RPHbraidingv353     =   -0.075263
   RPHbraidingv354     =   -0.076244
   RPHbraidingv355     =   -0.077224
   RPHbraidingv356     =   -0.078202
   RPHbraidingv357     =   -0.079179
   RPHbraidingv358     =   -0.080153
   RPHbraidingv359     =   -0.081125
   RPHbraidingv360     =   -0.082094
   RPHbraidingv361     =   -0.083060
   RPHbraidingv362     =   -0.084023
   RPHbraidingv363     =   -0.084983
   RPHbraidingv364     =   -0.085940
   RPHbraidingv365     =   -0.086892
   RPHbraidingv366     =   -0.087840
   RPHbraidingv367     =   -0.088785
   RPHbraidingv368     =   -0.089724
   RPHbraidingv369     =   -0.090659
   RPHbraidingv370     =   -0.091590
   RPHbraidingv371     =   -0.092515
   RPHbraidingv372     =   -0.093435
   RPHbraidingv373     =   -0.094349
   RPHbraidingv374     =   -0.095258
   RPHbraidingv375     =   -0.096161
   RPHbraidingv376     =   -0.097059
   RPHbraidingv377     =   -0.097950
   RPHbraidingv378     =   -0.098835
   RPHbraidingv379     =   -0.099714
   RPHbraidingv380     =   -0.100586
   RPHbraidingv381     =   -0.101451
   RPHbraidingv382     =   -0.102310
   RPHbraidingv383     =   -0.103162
   RPHbraidingv384     =   -0.104007
   RPHbraidingv385     =   -0.104845
   RPHbraidingv386     =   -0.105675
   RPHbraidingv387     =   -0.106499
   RPHbraidingv388     =   -0.107315
   RPHbraidingv389     =   -0.108123
   RPHbraidingv390     =   -0.108924
   RPHbraidingv391     =   -0.109718
   RPHbraidingv392     =   -0.110503
   RPHbraidingv393     =   -0.111281
   RPHbraidingv394     =   -0.112052
   RPHbraidingv395     =   -0.112814
   RPHbraidingv396     =   -0.113568
   RPHbraidingv397     =   -0.114315
   RPHbraidingv398     =   -0.115053
   RPHbraidingv399     =   -0.115784
   RPHbraidingv400     =   -0.116507
   RPHbraidingv401     =   -0.117221

***************************************************************
 EFTCAMB designer RPH background solver

Reion redshift       =   7.622
H0                   = 67.862308
Om_b h^2             =  0.022370
Om_c h^2             =  0.116836
Om_nu h^2            =  0.000000
Om_darkenergy        =  0.697636
Om_K                 =  0.000000
Om_m (inc Om_u)      =  0.302273
100 theta (CosmoMC)  =  1.044086
Reion opt depth      =  0.0544
Age of universe/GYr  =  13.696
zstar                =  1089.42
r_s(zstar)/Mpc       =  145.28
100*theta            =  1.044404
DA(zstar)/Gpc        =  13.91049
zdrag                =  1059.52
r_s(zdrag)/Mpc       =  147.96
k_D(zstar) Mpc       =  0.1402
100*theta_D          =  0.161130
z_EQ (if v_nu=1)     =  3326.33
k_EQ Mpc (if v_nu=1) =  0.010152
100*theta_EQ         =  0.829575
100*theta_rs_EQ      =  0.457967
tau_recomb/Mpc       =  282.39  tau_now/Mpc =  14192.7
at z =  0.000 sigma8 (all matter) =  0.8020
at z =  0.000 sigma8^2_vd/sigma8  =  0.4196
